/home/lab9-gpu/PRH/WAVE/WAVE/clean_speech_06503.wav
/home/lab9-gpu/PRH/WAVE/WAVE/clean_speech_06469.wav
/home/lab9-gpu/PRH/WAVE/WAVE/clean_speech_00618.wav
/home/lab9-gpu/PRH/WAVE/WAVE/clean_speech_02133.wav
/home/lab9-gpu/PRH/WAVE/WAVE/clean_speech_05093.wav
/home/lab9-gpu/PRH/WAVE/WAVE/clean_speech_06847.wav
/home/lab9-gpu/PRH/WAVE/WAVE/clean_speech_06392.wav
/home/lab9-gpu/PRH/WAVE/WAVE/clean_speech_04785.wav
/home/lab9-gpu/PRH/WAVE/WAVE/clean_speech_09755.wav
/home/lab9-gpu/PRH/WAVE/WAVE/clean_speech_04773.wav
/home/lab9-gpu/PRH/WAVE/WAVE/clean_speech_02693.wav
/home/lab9-gpu/PRH/WAVE/WAVE/clean_speech_08890.wav
/home/lab9-gpu/PRH/WAVE/WAVE/clean_speech_05557.wav
/home/lab9-gpu/PRH/WAVE/WAVE/clean_speech_01539.wav
/home/lab9-gpu/PRH/WAVE/WAVE/clean_speech_01331.wav
/home/lab9-gpu/PRH/WAVE/WAVE/clean_speech_05819.wav
/home/lab9-gpu/PRH/WAVE/WAVE/clean_speech_06543.wav
/home/lab9-gpu/PRH/WAVE/WAVE/clean_speech_04301.wav
/home/lab9-gpu/PRH/WAVE/WAVE/clean_speech_03485.wav
/home/lab9-gpu/PRH/WAVE/WAVE/clean_speech_03522.wav
/home/lab9-gpu/PRH/WAVE/WAVE/clean_speech_03198.wav
/home/lab9-gpu/PRH/WAVE/WAVE/clean_speech_09263.wav
/home/lab9-gpu/PRH/WAVE/WAVE/clean_speech_03532.wav
/home/lab9-gpu/PRH/WAVE/WAVE/clean_speech_00781.wav
/home/lab9-gpu/PRH/WAVE/WAVE/clean_speech_00983.wav
/home/lab9-gpu/PRH/WAVE/WAVE/clean_speech_04667.wav
/home/lab9-gpu/PRH/WAVE/WAVE/clean_speech_06131.wav
/home/lab9-gpu/PRH/WAVE/WAVE/clean_speech_03741.wav
/home/lab9-gpu/PRH/WAVE/WAVE/clean_speech_05196.wav
/home/lab9-gpu/PRH/WAVE/WAVE/clean_speech_06970.wav
/home/lab9-gpu/PRH/WAVE/WAVE/clean_speech_01278.wav
/home/lab9-gpu/PRH/WAVE/WAVE/clean_speech_09252.wav
/home/lab9-gpu/PRH/WAVE/WAVE/clean_speech_08622.wav
/home/lab9-gpu/PRH/WAVE/WAVE/clean_speech_01687.wav
/home/lab9-gpu/PRH/WAVE/WAVE/clean_speech_03135.wav
/home/lab9-gpu/PRH/WAVE/WAVE/clean_speech_07336.wav
/home/lab9-gpu/PRH/WAVE/WAVE/clean_speech_07908.wav
/home/lab9-gpu/PRH/WAVE/WAVE/clean_speech_05955.wav
/home/lab9-gpu/PRH/WAVE/WAVE/clean_speech_06609.wav
/home/lab9-gpu/PRH/WAVE/WAVE/clean_speech_08733.wav
/home/lab9-gpu/PRH/WAVE/WAVE/clean_speech_09420.wav
/home/lab9-gpu/PRH/WAVE/WAVE/clean_speech_08350.wav
/home/lab9-gpu/PRH/WAVE/WAVE/clean_speech_02706.wav
/home/lab9-gpu/PRH/WAVE/WAVE/clean_speech_06990.wav
/home/lab9-gpu/PRH/WAVE/WAVE/clean_speech_01081.wav
/home/lab9-gpu/PRH/WAVE/WAVE/clean_speech_08719.wav
/home/lab9-gpu/PRH/WAVE/WAVE/clean_speech_02445.wav
/home/lab9-gpu/PRH/WAVE/WAVE/clean_speech_04681.wav
/home/lab9-gpu/PRH/WAVE/WAVE/clean_speech_02885.wav
/home/lab9-gpu/PRH/WAVE/WAVE/clean_speech_06653.wav
/home/lab9-gpu/PRH/WAVE/WAVE/clean_speech_03260.wav
/home/lab9-gpu/PRH/WAVE/WAVE/clean_speech_08017.wav
/home/lab9-gpu/PRH/WAVE/WAVE/clean_speech_00746.wav
/home/lab9-gpu/PRH/WAVE/WAVE/clean_speech_06147.wav
/home/lab9-gpu/PRH/WAVE/WAVE/clean_speech_04675.wav
/home/lab9-gpu/PRH/WAVE/WAVE/clean_speech_09708.wav
/home/lab9-gpu/PRH/WAVE/WAVE/clean_speech_08637.wav
/home/lab9-gpu/PRH/WAVE/WAVE/clean_speech_06563.wav
/home/lab9-gpu/PRH/WAVE/WAVE/clean_speech_03763.wav
/home/lab9-gpu/PRH/WAVE/WAVE/clean_speech_00902.wav
/home/lab9-gpu/PRH/WAVE/WAVE/clean_speech_00008.wav
/home/lab9-gpu/PRH/WAVE/WAVE/clean_speech_08501.wav
/home/lab9-gpu/PRH/WAVE/WAVE/clean_speech_08357.wav
/home/lab9-gpu/PRH/WAVE/WAVE/clean_speech_05339.wav
/home/lab9-gpu/PRH/WAVE/WAVE/clean_speech_08910.wav
/home/lab9-gpu/PRH/WAVE/WAVE/clean_speech_00914.wav
/home/lab9-gpu/PRH/WAVE/WAVE/clean_speech_00067.wav
/home/lab9-gpu/PRH/WAVE/WAVE/clean_speech_07445.wav
/home/lab9-gpu/PRH/WAVE/WAVE/clean_speech_05045.wav
/home/lab9-gpu/PRH/WAVE/WAVE/clean_speech_03680.wav
/home/lab9-gpu/PRH/WAVE/WAVE/clean_speech_05158.wav
/home/lab9-gpu/PRH/WAVE/WAVE/clean_speech_07544.wav
/home/lab9-gpu/PRH/WAVE/WAVE/clean_speech_00110.wav
/home/lab9-gpu/PRH/WAVE/WAVE/clean_speech_01672.wav
/home/lab9-gpu/PRH/WAVE/WAVE/clean_speech_09963.wav
/home/lab9-gpu/PRH/WAVE/WAVE/clean_speech_00511.wav
/home/lab9-gpu/PRH/WAVE/WAVE/clean_speech_08036.wav
/home/lab9-gpu/PRH/WAVE/WAVE/clean_speech_00971.wav
/home/lab9-gpu/PRH/WAVE/WAVE/clean_speech_06506.wav
/home/lab9-gpu/PRH/WAVE/WAVE/clean_speech_08451.wav
/home/lab9-gpu/PRH/WAVE/WAVE/clean_speech_01036.wav
/home/lab9-gpu/PRH/WAVE/WAVE/clean_speech_00496.wav
/home/lab9-gpu/PRH/WAVE/WAVE/clean_speech_04257.wav
/home/lab9-gpu/PRH/WAVE/WAVE/clean_speech_07741.wav
/home/lab9-gpu/PRH/WAVE/WAVE/clean_speech_01818.wav
/home/lab9-gpu/PRH/WAVE/WAVE/clean_speech_07141.wav
/home/lab9-gpu/PRH/WAVE/WAVE/clean_speech_06136.wav
/home/lab9-gpu/PRH/WAVE/WAVE/clean_speech_00587.wav
/home/lab9-gpu/PRH/WAVE/WAVE/clean_speech_09490.wav
/home/lab9-gpu/PRH/WAVE/WAVE/clean_speech_08727.wav
/home/lab9-gpu/PRH/WAVE/WAVE/clean_speech_00491.wav
/home/lab9-gpu/PRH/WAVE/WAVE/clean_speech_02235.wav
/home/lab9-gpu/PRH/WAVE/WAVE/clean_speech_08104.wav
/home/lab9-gpu/PRH/WAVE/WAVE/clean_speech_00271.wav
/home/lab9-gpu/PRH/WAVE/WAVE/clean_speech_06114.wav
/home/lab9-gpu/PRH/WAVE/WAVE/clean_speech_02935.wav
/home/lab9-gpu/PRH/WAVE/WAVE/clean_speech_01403.wav
/home/lab9-gpu/PRH/WAVE/WAVE/clean_speech_06849.wav
/home/lab9-gpu/PRH/WAVE/WAVE/clean_speech_09092.wav
/home/lab9-gpu/PRH/WAVE/WAVE/clean_speech_05480.wav
/home/lab9-gpu/PRH/WAVE/WAVE/clean_speech_05973.wav
/home/lab9-gpu/PRH/WAVE/WAVE/clean_speech_04598.wav
/home/lab9-gpu/PRH/WAVE/WAVE/clean_speech_01783.wav
/home/lab9-gpu/PRH/WAVE/WAVE/clean_speech_05869.wav
/home/lab9-gpu/PRH/WAVE/WAVE/clean_speech_04966.wav
/home/lab9-gpu/PRH/WAVE/WAVE/clean_speech_01602.wav
/home/lab9-gpu/PRH/WAVE/WAVE/clean_speech_03782.wav
/home/lab9-gpu/PRH/WAVE/WAVE/clean_speech_07922.wav
/home/lab9-gpu/PRH/WAVE/WAVE/clean_speech_04443.wav
/home/lab9-gpu/PRH/WAVE/WAVE/clean_speech_02056.wav
/home/lab9-gpu/PRH/WAVE/WAVE/clean_speech_06424.wav
/home/lab9-gpu/PRH/WAVE/WAVE/clean_speech_05474.wav
/home/lab9-gpu/PRH/WAVE/WAVE/clean_speech_02040.wav
/home/lab9-gpu/PRH/WAVE/WAVE/clean_speech_03558.wav
/home/lab9-gpu/PRH/WAVE/WAVE/clean_speech_02425.wav
/home/lab9-gpu/PRH/WAVE/WAVE/clean_speech_08860.wav
/home/lab9-gpu/PRH/WAVE/WAVE/clean_speech_01358.wav
/home/lab9-gpu/PRH/WAVE/WAVE/clean_speech_06433.wav
/home/lab9-gpu/PRH/WAVE/WAVE/clean_speech_09768.wav
/home/lab9-gpu/PRH/WAVE/WAVE/clean_speech_02899.wav
/home/lab9-gpu/PRH/WAVE/WAVE/clean_speech_03425.wav
/home/lab9-gpu/PRH/WAVE/WAVE/clean_speech_02880.wav
/home/lab9-gpu/PRH/WAVE/WAVE/clean_speech_06636.wav
/home/lab9-gpu/PRH/WAVE/WAVE/clean_speech_01765.wav
/home/lab9-gpu/PRH/WAVE/WAVE/clean_speech_00745.wav
/home/lab9-gpu/PRH/WAVE/WAVE/clean_speech_02185.wav
/home/lab9-gpu/PRH/WAVE/WAVE/clean_speech_09861.wav
/home/lab9-gpu/PRH/WAVE/WAVE/clean_speech_05622.wav
/home/lab9-gpu/PRH/WAVE/WAVE/clean_speech_04955.wav
/home/lab9-gpu/PRH/WAVE/WAVE/clean_speech_08260.wav
/home/lab9-gpu/PRH/WAVE/WAVE/clean_speech_05346.wav
/home/lab9-gpu/PRH/WAVE/WAVE/clean_speech_04416.wav
/home/lab9-gpu/PRH/WAVE/WAVE/clean_speech_02395.wav
/home/lab9-gpu/PRH/WAVE/WAVE/clean_speech_05409.wav
/home/lab9-gpu/PRH/WAVE/WAVE/clean_speech_00875.wav
/home/lab9-gpu/PRH/WAVE/WAVE/clean_speech_09147.wav
/home/lab9-gpu/PRH/WAVE/WAVE/clean_speech_09727.wav
/home/lab9-gpu/PRH/WAVE/WAVE/clean_speech_08568.wav
/home/lab9-gpu/PRH/WAVE/WAVE/clean_speech_04170.wav
/home/lab9-gpu/PRH/WAVE/WAVE/clean_speech_01848.wav
/home/lab9-gpu/PRH/WAVE/WAVE/clean_speech_09800.wav
/home/lab9-gpu/PRH/WAVE/WAVE/clean_speech_09326.wav
/home/lab9-gpu/PRH/WAVE/WAVE/clean_speech_05930.wav
/home/lab9-gpu/PRH/WAVE/WAVE/clean_speech_01481.wav
/home/lab9-gpu/PRH/WAVE/WAVE/clean_speech_01829.wav
/home/lab9-gpu/PRH/WAVE/WAVE/clean_speech_05340.wav
/home/lab9-gpu/PRH/WAVE/WAVE/clean_speech_09137.wav
/home/lab9-gpu/PRH/WAVE/WAVE/clean_speech_05822.wav
/home/lab9-gpu/PRH/WAVE/WAVE/clean_speech_05349.wav
/home/lab9-gpu/PRH/WAVE/WAVE/clean_speech_03172.wav
/home/lab9-gpu/PRH/WAVE/WAVE/clean_speech_03122.wav
/home/lab9-gpu/PRH/WAVE/WAVE/clean_speech_01002.wav
/home/lab9-gpu/PRH/WAVE/WAVE/clean_speech_07972.wav
/home/lab9-gpu/PRH/WAVE/WAVE/clean_speech_09652.wav
/home/lab9-gpu/PRH/WAVE/WAVE/clean_speech_04877.wav
/home/lab9-gpu/PRH/WAVE/WAVE/clean_speech_04709.wav
/home/lab9-gpu/PRH/WAVE/WAVE/clean_speech_05211.wav
/home/lab9-gpu/PRH/WAVE/WAVE/clean_speech_09805.wav
/home/lab9-gpu/PRH/WAVE/WAVE/clean_speech_01135.wav
/home/lab9-gpu/PRH/WAVE/WAVE/clean_speech_05284.wav
/home/lab9-gpu/PRH/WAVE/WAVE/clean_speech_01438.wav
/home/lab9-gpu/PRH/WAVE/WAVE/clean_speech_05007.wav
/home/lab9-gpu/PRH/WAVE/WAVE/clean_speech_02457.wav
/home/lab9-gpu/PRH/WAVE/WAVE/clean_speech_09584.wav
/home/lab9-gpu/PRH/WAVE/WAVE/clean_speech_02865.wav
/home/lab9-gpu/PRH/WAVE/WAVE/clean_speech_00929.wav
/home/lab9-gpu/PRH/WAVE/WAVE/clean_speech_02575.wav
/home/lab9-gpu/PRH/WAVE/WAVE/clean_speech_02315.wav
/home/lab9-gpu/PRH/WAVE/WAVE/clean_speech_09938.wav
/home/lab9-gpu/PRH/WAVE/WAVE/clean_speech_03739.wav
/home/lab9-gpu/PRH/WAVE/WAVE/clean_speech_07940.wav
/home/lab9-gpu/PRH/WAVE/WAVE/clean_speech_05619.wav
/home/lab9-gpu/PRH/WAVE/WAVE/clean_speech_01950.wav
/home/lab9-gpu/PRH/WAVE/WAVE/clean_speech_02120.wav
/home/lab9-gpu/PRH/WAVE/WAVE/clean_speech_06250.wav
/home/lab9-gpu/PRH/WAVE/WAVE/clean_speech_03880.wav
/home/lab9-gpu/PRH/WAVE/WAVE/clean_speech_08894.wav
/home/lab9-gpu/PRH/WAVE/WAVE/clean_speech_08125.wav
/home/lab9-gpu/PRH/WAVE/WAVE/clean_speech_02224.wav
/home/lab9-gpu/PRH/WAVE/WAVE/clean_speech_06544.wav
/home/lab9-gpu/PRH/WAVE/WAVE/clean_speech_07344.wav
/home/lab9-gpu/PRH/WAVE/WAVE/clean_speech_02178.wav
/home/lab9-gpu/PRH/WAVE/WAVE/clean_speech_09996.wav
/home/lab9-gpu/PRH/WAVE/WAVE/clean_speech_04916.wav
/home/lab9-gpu/PRH/WAVE/WAVE/clean_speech_01545.wav
/home/lab9-gpu/PRH/WAVE/WAVE/clean_speech_08980.wav
/home/lab9-gpu/PRH/WAVE/WAVE/clean_speech_06953.wav
/home/lab9-gpu/PRH/WAVE/WAVE/clean_speech_09187.wav
/home/lab9-gpu/PRH/WAVE/WAVE/clean_speech_07811.wav
/home/lab9-gpu/PRH/WAVE/WAVE/clean_speech_08530.wav
/home/lab9-gpu/PRH/WAVE/WAVE/clean_speech_08240.wav
/home/lab9-gpu/PRH/WAVE/WAVE/clean_speech_05971.wav
/home/lab9-gpu/PRH/WAVE/WAVE/clean_speech_02033.wav
/home/lab9-gpu/PRH/WAVE/WAVE/clean_speech_04711.wav
/home/lab9-gpu/PRH/WAVE/WAVE/clean_speech_03149.wav
/home/lab9-gpu/PRH/WAVE/WAVE/clean_speech_07612.wav
/home/lab9-gpu/PRH/WAVE/WAVE/clean_speech_04898.wav
/home/lab9-gpu/PRH/WAVE/WAVE/clean_speech_01112.wav
/home/lab9-gpu/PRH/WAVE/WAVE/clean_speech_09683.wav
/home/lab9-gpu/PRH/WAVE/WAVE/clean_speech_00047.wav
/home/lab9-gpu/PRH/WAVE/WAVE/clean_speech_06356.wav
/home/lab9-gpu/PRH/WAVE/WAVE/clean_speech_02925.wav
/home/lab9-gpu/PRH/WAVE/WAVE/clean_speech_00439.wav
/home/lab9-gpu/PRH/WAVE/WAVE/clean_speech_02287.wav
/home/lab9-gpu/PRH/WAVE/WAVE/clean_speech_04457.wav
/home/lab9-gpu/PRH/WAVE/WAVE/clean_speech_05883.wav
/home/lab9-gpu/PRH/WAVE/WAVE/clean_speech_00083.wav
/home/lab9-gpu/PRH/WAVE/WAVE/clean_speech_02808.wav
/home/lab9-gpu/PRH/WAVE/WAVE/clean_speech_03133.wav
/home/lab9-gpu/PRH/WAVE/WAVE/clean_speech_02951.wav
/home/lab9-gpu/PRH/WAVE/WAVE/clean_speech_04932.wav
/home/lab9-gpu/PRH/WAVE/WAVE/clean_speech_02012.wav
/home/lab9-gpu/PRH/WAVE/WAVE/clean_speech_02566.wav
/home/lab9-gpu/PRH/WAVE/WAVE/clean_speech_00918.wav
/home/lab9-gpu/PRH/WAVE/WAVE/clean_speech_01318.wav
/home/lab9-gpu/PRH/WAVE/WAVE/clean_speech_04733.wav
/home/lab9-gpu/PRH/WAVE/WAVE/clean_speech_08190.wav
/home/lab9-gpu/PRH/WAVE/WAVE/clean_speech_09439.wav
/home/lab9-gpu/PRH/WAVE/WAVE/clean_speech_01873.wav
/home/lab9-gpu/PRH/WAVE/WAVE/clean_speech_06635.wav
/home/lab9-gpu/PRH/WAVE/WAVE/clean_speech_06277.wav
/home/lab9-gpu/PRH/WAVE/WAVE/clean_speech_01935.wav
/home/lab9-gpu/PRH/WAVE/WAVE/clean_speech_04708.wav
/home/lab9-gpu/PRH/WAVE/WAVE/clean_speech_05055.wav
/home/lab9-gpu/PRH/WAVE/WAVE/clean_speech_07302.wav
/home/lab9-gpu/PRH/WAVE/WAVE/clean_speech_06531.wav
/home/lab9-gpu/PRH/WAVE/WAVE/clean_speech_06089.wav
/home/lab9-gpu/PRH/WAVE/WAVE/clean_speech_05415.wav
/home/lab9-gpu/PRH/WAVE/WAVE/clean_speech_02025.wav
/home/lab9-gpu/PRH/WAVE/WAVE/clean_speech_09284.wav
/home/lab9-gpu/PRH/WAVE/WAVE/clean_speech_05153.wav
/home/lab9-gpu/PRH/WAVE/WAVE/clean_speech_09677.wav
/home/lab9-gpu/PRH/WAVE/WAVE/clean_speech_09576.wav
/home/lab9-gpu/PRH/WAVE/WAVE/clean_speech_09839.wav
/home/lab9-gpu/PRH/WAVE/WAVE/clean_speech_07355.wav
/home/lab9-gpu/PRH/WAVE/WAVE/clean_speech_03325.wav
/home/lab9-gpu/PRH/WAVE/WAVE/clean_speech_04089.wav
/home/lab9-gpu/PRH/WAVE/WAVE/clean_speech_06222.wav
/home/lab9-gpu/PRH/WAVE/WAVE/clean_speech_08572.wav
/home/lab9-gpu/PRH/WAVE/WAVE/clean_speech_06472.wav
/home/lab9-gpu/PRH/WAVE/WAVE/clean_speech_07719.wav
/home/lab9-gpu/PRH/WAVE/WAVE/clean_speech_00495.wav
/home/lab9-gpu/PRH/WAVE/WAVE/clean_speech_09360.wav
/home/lab9-gpu/PRH/WAVE/WAVE/clean_speech_05963.wav
/home/lab9-gpu/PRH/WAVE/WAVE/clean_speech_08450.wav
/home/lab9-gpu/PRH/WAVE/WAVE/clean_speech_03303.wav
/home/lab9-gpu/PRH/WAVE/WAVE/clean_speech_00349.wav
/home/lab9-gpu/PRH/WAVE/WAVE/clean_speech_02127.wav
/home/lab9-gpu/PRH/WAVE/WAVE/clean_speech_01849.wav
/home/lab9-gpu/PRH/WAVE/WAVE/clean_speech_05779.wav
/home/lab9-gpu/PRH/WAVE/WAVE/clean_speech_05745.wav
/home/lab9-gpu/PRH/WAVE/WAVE/clean_speech_01524.wav
/home/lab9-gpu/PRH/WAVE/WAVE/clean_speech_09410.wav
/home/lab9-gpu/PRH/WAVE/WAVE/clean_speech_06366.wav
/home/lab9-gpu/PRH/WAVE/WAVE/clean_speech_02330.wav
/home/lab9-gpu/PRH/WAVE/WAVE/clean_speech_05295.wav
/home/lab9-gpu/PRH/WAVE/WAVE/clean_speech_08641.wav
/home/lab9-gpu/PRH/WAVE/WAVE/clean_speech_01671.wav
/home/lab9-gpu/PRH/WAVE/WAVE/clean_speech_06164.wav
/home/lab9-gpu/PRH/WAVE/WAVE/clean_speech_02474.wav
/home/lab9-gpu/PRH/WAVE/WAVE/clean_speech_04657.wav
/home/lab9-gpu/PRH/WAVE/WAVE/clean_speech_04413.wav
/home/lab9-gpu/PRH/WAVE/WAVE/clean_speech_02524.wav
/home/lab9-gpu/PRH/WAVE/WAVE/clean_speech_00826.wav
/home/lab9-gpu/PRH/WAVE/WAVE/clean_speech_05625.wav
/home/lab9-gpu/PRH/WAVE/WAVE/clean_speech_06261.wav
/home/lab9-gpu/PRH/WAVE/WAVE/clean_speech_03000.wav
/home/lab9-gpu/PRH/WAVE/WAVE/clean_speech_05733.wav
/home/lab9-gpu/PRH/WAVE/WAVE/clean_speech_08657.wav
/home/lab9-gpu/PRH/WAVE/WAVE/clean_speech_04291.wav
/home/lab9-gpu/PRH/WAVE/WAVE/clean_speech_03076.wav
/home/lab9-gpu/PRH/WAVE/WAVE/clean_speech_04761.wav
/home/lab9-gpu/PRH/WAVE/WAVE/clean_speech_01895.wav
/home/lab9-gpu/PRH/WAVE/WAVE/clean_speech_08250.wav
/home/lab9-gpu/PRH/WAVE/WAVE/clean_speech_08302.wav
/home/lab9-gpu/PRH/WAVE/WAVE/clean_speech_07024.wav
/home/lab9-gpu/PRH/WAVE/WAVE/clean_speech_05243.wav
/home/lab9-gpu/PRH/WAVE/WAVE/clean_speech_07170.wav
/home/lab9-gpu/PRH/WAVE/WAVE/clean_speech_06149.wav
/home/lab9-gpu/PRH/WAVE/WAVE/clean_speech_02159.wav
/home/lab9-gpu/PRH/WAVE/WAVE/clean_speech_00344.wav
/home/lab9-gpu/PRH/WAVE/WAVE/clean_speech_08335.wav
/home/lab9-gpu/PRH/WAVE/WAVE/clean_speech_08235.wav
/home/lab9-gpu/PRH/WAVE/WAVE/clean_speech_02856.wav
/home/lab9-gpu/PRH/WAVE/WAVE/clean_speech_02621.wav
/home/lab9-gpu/PRH/WAVE/WAVE/clean_speech_06592.wav
/home/lab9-gpu/PRH/WAVE/WAVE/clean_speech_09480.wav
/home/lab9-gpu/PRH/WAVE/WAVE/clean_speech_03231.wav
/home/lab9-gpu/PRH/WAVE/WAVE/clean_speech_00410.wav
/home/lab9-gpu/PRH/WAVE/WAVE/clean_speech_03550.wav
/home/lab9-gpu/PRH/WAVE/WAVE/clean_speech_00907.wav
/home/lab9-gpu/PRH/WAVE/WAVE/clean_speech_07003.wav
/home/lab9-gpu/PRH/WAVE/WAVE/clean_speech_08545.wav
/home/lab9-gpu/PRH/WAVE/WAVE/clean_speech_03481.wav
/home/lab9-gpu/PRH/WAVE/WAVE/clean_speech_08947.wav
/home/lab9-gpu/PRH/WAVE/WAVE/clean_speech_07934.wav
/home/lab9-gpu/PRH/WAVE/WAVE/clean_speech_07866.wav
/home/lab9-gpu/PRH/WAVE/WAVE/clean_speech_03800.wav
/home/lab9-gpu/PRH/WAVE/WAVE/clean_speech_05285.wav
/home/lab9-gpu/PRH/WAVE/WAVE/clean_speech_00423.wav
/home/lab9-gpu/PRH/WAVE/WAVE/clean_speech_02399.wav
/home/lab9-gpu/PRH/WAVE/WAVE/clean_speech_08956.wav
/home/lab9-gpu/PRH/WAVE/WAVE/clean_speech_09208.wav
/home/lab9-gpu/PRH/WAVE/WAVE/clean_speech_01653.wav
/home/lab9-gpu/PRH/WAVE/WAVE/clean_speech_07988.wav
/home/lab9-gpu/PRH/WAVE/WAVE/clean_speech_01447.wav
/home/lab9-gpu/PRH/WAVE/WAVE/clean_speech_01954.wav
/home/lab9-gpu/PRH/WAVE/WAVE/clean_speech_05009.wav
/home/lab9-gpu/PRH/WAVE/WAVE/clean_speech_00654.wav
/home/lab9-gpu/PRH/WAVE/WAVE/clean_speech_01237.wav
/home/lab9-gpu/PRH/WAVE/WAVE/clean_speech_03384.wav
/home/lab9-gpu/PRH/WAVE/WAVE/clean_speech_03362.wav
/home/lab9-gpu/PRH/WAVE/WAVE/clean_speech_04562.wav
/home/lab9-gpu/PRH/WAVE/WAVE/clean_speech_01095.wav
/home/lab9-gpu/PRH/WAVE/WAVE/clean_speech_02718.wav
/home/lab9-gpu/PRH/WAVE/WAVE/clean_speech_03246.wav
/home/lab9-gpu/PRH/WAVE/WAVE/clean_speech_03450.wav
/home/lab9-gpu/PRH/WAVE/WAVE/clean_speech_03647.wav
/home/lab9-gpu/PRH/WAVE/WAVE/clean_speech_03779.wav
/home/lab9-gpu/PRH/WAVE/WAVE/clean_speech_04682.wav
/home/lab9-gpu/PRH/WAVE/WAVE/clean_speech_03553.wav
/home/lab9-gpu/PRH/WAVE/WAVE/clean_speech_08913.wav
/home/lab9-gpu/PRH/WAVE/WAVE/clean_speech_05090.wav
/home/lab9-gpu/PRH/WAVE/WAVE/clean_speech_05248.wav
/home/lab9-gpu/PRH/WAVE/WAVE/clean_speech_00367.wav
/home/lab9-gpu/PRH/WAVE/WAVE/clean_speech_08323.wav
/home/lab9-gpu/PRH/WAVE/WAVE/clean_speech_06735.wav
/home/lab9-gpu/PRH/WAVE/WAVE/clean_speech_04218.wav
/home/lab9-gpu/PRH/WAVE/WAVE/clean_speech_00390.wav
/home/lab9-gpu/PRH/WAVE/WAVE/clean_speech_03853.wav
/home/lab9-gpu/PRH/WAVE/WAVE/clean_speech_06307.wav
/home/lab9-gpu/PRH/WAVE/WAVE/clean_speech_07968.wav
/home/lab9-gpu/PRH/WAVE/WAVE/clean_speech_08527.wav
/home/lab9-gpu/PRH/WAVE/WAVE/clean_speech_00098.wav
/home/lab9-gpu/PRH/WAVE/WAVE/clean_speech_06659.wav
/home/lab9-gpu/PRH/WAVE/WAVE/clean_speech_03918.wav
/home/lab9-gpu/PRH/WAVE/WAVE/clean_speech_04631.wav
/home/lab9-gpu/PRH/WAVE/WAVE/clean_speech_03472.wav
/home/lab9-gpu/PRH/WAVE/WAVE/clean_speech_01702.wav
/home/lab9-gpu/PRH/WAVE/WAVE/clean_speech_03883.wav
/home/lab9-gpu/PRH/WAVE/WAVE/clean_speech_02482.wav
/home/lab9-gpu/PRH/WAVE/WAVE/clean_speech_05465.wav
/home/lab9-gpu/PRH/WAVE/WAVE/clean_speech_08542.wav
/home/lab9-gpu/PRH/WAVE/WAVE/clean_speech_02570.wav
/home/lab9-gpu/PRH/WAVE/WAVE/clean_speech_06680.wav
/home/lab9-gpu/PRH/WAVE/WAVE/clean_speech_02004.wav
/home/lab9-gpu/PRH/WAVE/WAVE/clean_speech_01890.wav
/home/lab9-gpu/PRH/WAVE/WAVE/clean_speech_09229.wav
/home/lab9-gpu/PRH/WAVE/WAVE/clean_speech_05695.wav
/home/lab9-gpu/PRH/WAVE/WAVE/clean_speech_09442.wav
/home/lab9-gpu/PRH/WAVE/WAVE/clean_speech_05084.wav
/home/lab9-gpu/PRH/WAVE/WAVE/clean_speech_08529.wav
/home/lab9-gpu/PRH/WAVE/WAVE/clean_speech_07265.wav
/home/lab9-gpu/PRH/WAVE/WAVE/clean_speech_02534.wav
/home/lab9-gpu/PRH/WAVE/WAVE/clean_speech_02042.wav
/home/lab9-gpu/PRH/WAVE/WAVE/clean_speech_01473.wav
/home/lab9-gpu/PRH/WAVE/WAVE/clean_speech_06577.wav
/home/lab9-gpu/PRH/WAVE/WAVE/clean_speech_03865.wav
/home/lab9-gpu/PRH/WAVE/WAVE/clean_speech_01620.wav
/home/lab9-gpu/PRH/WAVE/WAVE/clean_speech_09467.wav
/home/lab9-gpu/PRH/WAVE/WAVE/clean_speech_05631.wav
/home/lab9-gpu/PRH/WAVE/WAVE/clean_speech_09414.wav
/home/lab9-gpu/PRH/WAVE/WAVE/clean_speech_03939.wav
/home/lab9-gpu/PRH/WAVE/WAVE/clean_speech_04249.wav
/home/lab9-gpu/PRH/WAVE/WAVE/clean_speech_03520.wav
/home/lab9-gpu/PRH/WAVE/WAVE/clean_speech_09675.wav
/home/lab9-gpu/PRH/WAVE/WAVE/clean_speech_00361.wav
/home/lab9-gpu/PRH/WAVE/WAVE/clean_speech_09374.wav
/home/lab9-gpu/PRH/WAVE/WAVE/clean_speech_06239.wav
/home/lab9-gpu/PRH/WAVE/WAVE/clean_speech_07881.wav
/home/lab9-gpu/PRH/WAVE/WAVE/clean_speech_06815.wav
/home/lab9-gpu/PRH/WAVE/WAVE/clean_speech_07219.wav
/home/lab9-gpu/PRH/WAVE/WAVE/clean_speech_03058.wav
/home/lab9-gpu/PRH/WAVE/WAVE/clean_speech_05726.wav
/home/lab9-gpu/PRH/WAVE/WAVE/clean_speech_07525.wav
/home/lab9-gpu/PRH/WAVE/WAVE/clean_speech_08500.wav
/home/lab9-gpu/PRH/WAVE/WAVE/clean_speech_00470.wav
/home/lab9-gpu/PRH/WAVE/WAVE/clean_speech_02857.wav
/home/lab9-gpu/PRH/WAVE/WAVE/clean_speech_06070.wav
/home/lab9-gpu/PRH/WAVE/WAVE/clean_speech_03966.wav
/home/lab9-gpu/PRH/WAVE/WAVE/clean_speech_08981.wav
/home/lab9-gpu/PRH/WAVE/WAVE/clean_speech_07088.wav
/home/lab9-gpu/PRH/WAVE/WAVE/clean_speech_08606.wav
/home/lab9-gpu/PRH/WAVE/WAVE/clean_speech_04052.wav
/home/lab9-gpu/PRH/WAVE/WAVE/clean_speech_02579.wav
/home/lab9-gpu/PRH/WAVE/WAVE/clean_speech_06891.wav
/home/lab9-gpu/PRH/WAVE/WAVE/clean_speech_07246.wav
/home/lab9-gpu/PRH/WAVE/WAVE/clean_speech_08432.wav
/home/lab9-gpu/PRH/WAVE/WAVE/clean_speech_00787.wav
/home/lab9-gpu/PRH/WAVE/WAVE/clean_speech_06090.wav
/home/lab9-gpu/PRH/WAVE/WAVE/clean_speech_08411.wav
/home/lab9-gpu/PRH/WAVE/WAVE/clean_speech_05000.wav
/home/lab9-gpu/PRH/WAVE/WAVE/clean_speech_05788.wav
/home/lab9-gpu/PRH/WAVE/WAVE/clean_speech_07001.wav
/home/lab9-gpu/PRH/WAVE/WAVE/clean_speech_01832.wav
/home/lab9-gpu/PRH/WAVE/WAVE/clean_speech_01920.wav
/home/lab9-gpu/PRH/WAVE/WAVE/clean_speech_06429.wav
/home/lab9-gpu/PRH/WAVE/WAVE/clean_speech_08317.wav
/home/lab9-gpu/PRH/WAVE/WAVE/clean_speech_04873.wav
/home/lab9-gpu/PRH/WAVE/WAVE/clean_speech_01206.wav
/home/lab9-gpu/PRH/WAVE/WAVE/clean_speech_04230.wav
/home/lab9-gpu/PRH/WAVE/WAVE/clean_speech_06627.wav
/home/lab9-gpu/PRH/WAVE/WAVE/clean_speech_07496.wav
/home/lab9-gpu/PRH/WAVE/WAVE/clean_speech_08308.wav
/home/lab9-gpu/PRH/WAVE/WAVE/clean_speech_00905.wav
/home/lab9-gpu/PRH/WAVE/WAVE/clean_speech_09560.wav
/home/lab9-gpu/PRH/WAVE/WAVE/clean_speech_02493.wav
/home/lab9-gpu/PRH/WAVE/WAVE/clean_speech_04138.wav
/home/lab9-gpu/PRH/WAVE/WAVE/clean_speech_09076.wav
/home/lab9-gpu/PRH/WAVE/WAVE/clean_speech_04252.wav
/home/lab9-gpu/PRH/WAVE/WAVE/clean_speech_03525.wav
/home/lab9-gpu/PRH/WAVE/WAVE/clean_speech_05308.wav
/home/lab9-gpu/PRH/WAVE/WAVE/clean_speech_03034.wav
/home/lab9-gpu/PRH/WAVE/WAVE/clean_speech_06462.wav
/home/lab9-gpu/PRH/WAVE/WAVE/clean_speech_05301.wav
/home/lab9-gpu/PRH/WAVE/WAVE/clean_speech_01260.wav
/home/lab9-gpu/PRH/WAVE/WAVE/clean_speech_05569.wav
/home/lab9-gpu/PRH/WAVE/WAVE/clean_speech_05166.wav
/home/lab9-gpu/PRH/WAVE/WAVE/clean_speech_07456.wav
/home/lab9-gpu/PRH/WAVE/WAVE/clean_speech_06191.wav
/home/lab9-gpu/PRH/WAVE/WAVE/clean_speech_06016.wav
/home/lab9-gpu/PRH/WAVE/WAVE/clean_speech_03116.wav
/home/lab9-gpu/PRH/WAVE/WAVE/clean_speech_03641.wav
/home/lab9-gpu/PRH/WAVE/WAVE/clean_speech_06507.wav
/home/lab9-gpu/PRH/WAVE/WAVE/clean_speech_00388.wav
/home/lab9-gpu/PRH/WAVE/WAVE/clean_speech_03500.wav
/home/lab9-gpu/PRH/WAVE/WAVE/clean_speech_06004.wav
/home/lab9-gpu/PRH/WAVE/WAVE/clean_speech_08040.wav
/home/lab9-gpu/PRH/WAVE/WAVE/clean_speech_00700.wav
/home/lab9-gpu/PRH/WAVE/WAVE/clean_speech_04410.wav
/home/lab9-gpu/PRH/WAVE/WAVE/clean_speech_00353.wav
/home/lab9-gpu/PRH/WAVE/WAVE/clean_speech_06579.wav
/home/lab9-gpu/PRH/WAVE/WAVE/clean_speech_05658.wav
/home/lab9-gpu/PRH/WAVE/WAVE/clean_speech_05046.wav
/home/lab9-gpu/PRH/WAVE/WAVE/clean_speech_09831.wav
/home/lab9-gpu/PRH/WAVE/WAVE/clean_speech_06062.wav
/home/lab9-gpu/PRH/WAVE/WAVE/clean_speech_07706.wav
/home/lab9-gpu/PRH/WAVE/WAVE/clean_speech_05968.wav
/home/lab9-gpu/PRH/WAVE/WAVE/clean_speech_00886.wav
/home/lab9-gpu/PRH/WAVE/WAVE/clean_speech_02519.wav
/home/lab9-gpu/PRH/WAVE/WAVE/clean_speech_09498.wav
/home/lab9-gpu/PRH/WAVE/WAVE/clean_speech_02067.wav
/home/lab9-gpu/PRH/WAVE/WAVE/clean_speech_00142.wav
/home/lab9-gpu/PRH/WAVE/WAVE/clean_speech_01475.wav
/home/lab9-gpu/PRH/WAVE/WAVE/clean_speech_04570.wav
/home/lab9-gpu/PRH/WAVE/WAVE/clean_speech_05846.wav
/home/lab9-gpu/PRH/WAVE/WAVE/clean_speech_05734.wav
/home/lab9-gpu/PRH/WAVE/WAVE/clean_speech_07777.wav
/home/lab9-gpu/PRH/WAVE/WAVE/clean_speech_01147.wav
/home/lab9-gpu/PRH/WAVE/WAVE/clean_speech_06895.wav
/home/lab9-gpu/PRH/WAVE/WAVE/clean_speech_09507.wav
/home/lab9-gpu/PRH/WAVE/WAVE/clean_speech_07849.wav
/home/lab9-gpu/PRH/WAVE/WAVE/clean_speech_00890.wav
/home/lab9-gpu/PRH/WAVE/WAVE/clean_speech_01115.wav
/home/lab9-gpu/PRH/WAVE/WAVE/clean_speech_01864.wav
/home/lab9-gpu/PRH/WAVE/WAVE/clean_speech_03136.wav
/home/lab9-gpu/PRH/WAVE/WAVE/clean_speech_02826.wav
/home/lab9-gpu/PRH/WAVE/WAVE/clean_speech_07365.wav
/home/lab9-gpu/PRH/WAVE/WAVE/clean_speech_03902.wav
/home/lab9-gpu/PRH/WAVE/WAVE/clean_speech_07829.wav
/home/lab9-gpu/PRH/WAVE/WAVE/clean_speech_04099.wav
/home/lab9-gpu/PRH/WAVE/WAVE/clean_speech_04879.wav
/home/lab9-gpu/PRH/WAVE/WAVE/clean_speech_06155.wav
/home/lab9-gpu/PRH/WAVE/WAVE/clean_speech_07464.wav
/home/lab9-gpu/PRH/WAVE/WAVE/clean_speech_04076.wav
/home/lab9-gpu/PRH/WAVE/WAVE/clean_speech_07249.wav
/home/lab9-gpu/PRH/WAVE/WAVE/clean_speech_06742.wav
/home/lab9-gpu/PRH/WAVE/WAVE/clean_speech_06172.wav
/home/lab9-gpu/PRH/WAVE/WAVE/clean_speech_08434.wav
/home/lab9-gpu/PRH/WAVE/WAVE/clean_speech_08996.wav
/home/lab9-gpu/PRH/WAVE/WAVE/clean_speech_09319.wav
/home/lab9-gpu/PRH/WAVE/WAVE/clean_speech_03832.wav
/home/lab9-gpu/PRH/WAVE/WAVE/clean_speech_08320.wav
/home/lab9-gpu/PRH/WAVE/WAVE/clean_speech_00489.wav
/home/lab9-gpu/PRH/WAVE/WAVE/clean_speech_04024.wav
/home/lab9-gpu/PRH/WAVE/WAVE/clean_speech_01547.wav
/home/lab9-gpu/PRH/WAVE/WAVE/clean_speech_06510.wav
/home/lab9-gpu/PRH/WAVE/WAVE/clean_speech_04931.wav
/home/lab9-gpu/PRH/WAVE/WAVE/clean_speech_09296.wav
/home/lab9-gpu/PRH/WAVE/WAVE/clean_speech_05517.wav
/home/lab9-gpu/PRH/WAVE/WAVE/clean_speech_01953.wav
/home/lab9-gpu/PRH/WAVE/WAVE/clean_speech_05454.wav
/home/lab9-gpu/PRH/WAVE/WAVE/clean_speech_02512.wav
/home/lab9-gpu/PRH/WAVE/WAVE/clean_speech_08851.wav
/home/lab9-gpu/PRH/WAVE/WAVE/clean_speech_03634.wav
/home/lab9-gpu/PRH/WAVE/WAVE/clean_speech_06890.wav
/home/lab9-gpu/PRH/WAVE/WAVE/clean_speech_06716.wav
/home/lab9-gpu/PRH/WAVE/WAVE/clean_speech_09891.wav
/home/lab9-gpu/PRH/WAVE/WAVE/clean_speech_01860.wav
/home/lab9-gpu/PRH/WAVE/WAVE/clean_speech_04365.wav
/home/lab9-gpu/PRH/WAVE/WAVE/clean_speech_05944.wav
/home/lab9-gpu/PRH/WAVE/WAVE/clean_speech_04168.wav
/home/lab9-gpu/PRH/WAVE/WAVE/clean_speech_03024.wav
/home/lab9-gpu/PRH/WAVE/WAVE/clean_speech_00646.wav
/home/lab9-gpu/PRH/WAVE/WAVE/clean_speech_07457.wav
/home/lab9-gpu/PRH/WAVE/WAVE/clean_speech_02406.wav
/home/lab9-gpu/PRH/WAVE/WAVE/clean_speech_08787.wav
/home/lab9-gpu/PRH/WAVE/WAVE/clean_speech_04330.wav
/home/lab9-gpu/PRH/WAVE/WAVE/clean_speech_05477.wav
/home/lab9-gpu/PRH/WAVE/WAVE/clean_speech_08559.wav
/home/lab9-gpu/PRH/WAVE/WAVE/clean_speech_03409.wav
/home/lab9-gpu/PRH/WAVE/WAVE/clean_speech_08791.wav
/home/lab9-gpu/PRH/WAVE/WAVE/clean_speech_01186.wav
/home/lab9-gpu/PRH/WAVE/WAVE/clean_speech_01748.wav
/home/lab9-gpu/PRH/WAVE/WAVE/clean_speech_07157.wav
/home/lab9-gpu/PRH/WAVE/WAVE/clean_speech_02503.wav
/home/lab9-gpu/PRH/WAVE/WAVE/clean_speech_05610.wav
/home/lab9-gpu/PRH/WAVE/WAVE/clean_speech_05306.wav
/home/lab9-gpu/PRH/WAVE/WAVE/clean_speech_04111.wav
/home/lab9-gpu/PRH/WAVE/WAVE/clean_speech_07394.wav
/home/lab9-gpu/PRH/WAVE/WAVE/clean_speech_06478.wav
/home/lab9-gpu/PRH/WAVE/WAVE/clean_speech_00870.wav
/home/lab9-gpu/PRH/WAVE/WAVE/clean_speech_00864.wav
/home/lab9-gpu/PRH/WAVE/WAVE/clean_speech_07669.wav
/home/lab9-gpu/PRH/WAVE/WAVE/clean_speech_05299.wav
/home/lab9-gpu/PRH/WAVE/WAVE/clean_speech_07182.wav
/home/lab9-gpu/PRH/WAVE/WAVE/clean_speech_05638.wav
/home/lab9-gpu/PRH/WAVE/WAVE/clean_speech_07173.wav
/home/lab9-gpu/PRH/WAVE/WAVE/clean_speech_01992.wav
/home/lab9-gpu/PRH/WAVE/WAVE/clean_speech_00011.wav
/home/lab9-gpu/PRH/WAVE/WAVE/clean_speech_06056.wav
/home/lab9-gpu/PRH/WAVE/WAVE/clean_speech_08744.wav
/home/lab9-gpu/PRH/WAVE/WAVE/clean_speech_04398.wav
/home/lab9-gpu/PRH/WAVE/WAVE/clean_speech_01893.wav
/home/lab9-gpu/PRH/WAVE/WAVE/clean_speech_07729.wav
/home/lab9-gpu/PRH/WAVE/WAVE/clean_speech_02957.wav
/home/lab9-gpu/PRH/WAVE/WAVE/clean_speech_05065.wav
/home/lab9-gpu/PRH/WAVE/WAVE/clean_speech_06806.wav
/home/lab9-gpu/PRH/WAVE/WAVE/clean_speech_00892.wav
/home/lab9-gpu/PRH/WAVE/WAVE/clean_speech_02989.wav
/home/lab9-gpu/PRH/WAVE/WAVE/clean_speech_03841.wav
/home/lab9-gpu/PRH/WAVE/WAVE/clean_speech_04050.wav
/home/lab9-gpu/PRH/WAVE/WAVE/clean_speech_06482.wav
/home/lab9-gpu/PRH/WAVE/WAVE/clean_speech_01944.wav
/home/lab9-gpu/PRH/WAVE/WAVE/clean_speech_04356.wav
/home/lab9-gpu/PRH/WAVE/WAVE/clean_speech_04812.wav
/home/lab9-gpu/PRH/WAVE/WAVE/clean_speech_08277.wav
/home/lab9-gpu/PRH/WAVE/WAVE/clean_speech_08713.wav
/home/lab9-gpu/PRH/WAVE/WAVE/clean_speech_08647.wav
/home/lab9-gpu/PRH/WAVE/WAVE/clean_speech_02297.wav
/home/lab9-gpu/PRH/WAVE/WAVE/clean_speech_02269.wav
/home/lab9-gpu/PRH/WAVE/WAVE/clean_speech_06245.wav
/home/lab9-gpu/PRH/WAVE/WAVE/clean_speech_06696.wav
/home/lab9-gpu/PRH/WAVE/WAVE/clean_speech_05567.wav
/home/lab9-gpu/PRH/WAVE/WAVE/clean_speech_02685.wav
/home/lab9-gpu/PRH/WAVE/WAVE/clean_speech_08952.wav
/home/lab9-gpu/PRH/WAVE/WAVE/clean_speech_02199.wav
/home/lab9-gpu/PRH/WAVE/WAVE/clean_speech_00447.wav
/home/lab9-gpu/PRH/WAVE/WAVE/clean_speech_08707.wav
/home/lab9-gpu/PRH/WAVE/WAVE/clean_speech_06288.wav
/home/lab9-gpu/PRH/WAVE/WAVE/clean_speech_02657.wav
/home/lab9-gpu/PRH/WAVE/WAVE/clean_speech_03205.wav
/home/lab9-gpu/PRH/WAVE/WAVE/clean_speech_03681.wav
/home/lab9-gpu/PRH/WAVE/WAVE/clean_speech_04822.wav
/home/lab9-gpu/PRH/WAVE/WAVE/clean_speech_09460.wav
/home/lab9-gpu/PRH/WAVE/WAVE/clean_speech_04430.wav
/home/lab9-gpu/PRH/WAVE/WAVE/clean_speech_00727.wav
/home/lab9-gpu/PRH/WAVE/WAVE/clean_speech_08515.wav
/home/lab9-gpu/PRH/WAVE/WAVE/clean_speech_07853.wav
/home/lab9-gpu/PRH/WAVE/WAVE/clean_speech_09279.wav
/home/lab9-gpu/PRH/WAVE/WAVE/clean_speech_03677.wav
/home/lab9-gpu/PRH/WAVE/WAVE/clean_speech_09998.wav
/home/lab9-gpu/PRH/WAVE/WAVE/clean_speech_06049.wav
/home/lab9-gpu/PRH/WAVE/WAVE/clean_speech_03633.wav
/home/lab9-gpu/PRH/WAVE/WAVE/clean_speech_07480.wav
/home/lab9-gpu/PRH/WAVE/WAVE/clean_speech_08426.wav
/home/lab9-gpu/PRH/WAVE/WAVE/clean_speech_03591.wav
/home/lab9-gpu/PRH/WAVE/WAVE/clean_speech_08982.wav
/home/lab9-gpu/PRH/WAVE/WAVE/clean_speech_01894.wav
/home/lab9-gpu/PRH/WAVE/WAVE/clean_speech_07739.wav
/home/lab9-gpu/PRH/WAVE/WAVE/clean_speech_03845.wav
/home/lab9-gpu/PRH/WAVE/WAVE/clean_speech_03767.wav
/home/lab9-gpu/PRH/WAVE/WAVE/clean_speech_03321.wav
/home/lab9-gpu/PRH/WAVE/WAVE/clean_speech_03415.wav
/home/lab9-gpu/PRH/WAVE/WAVE/clean_speech_00031.wav
/home/lab9-gpu/PRH/WAVE/WAVE/clean_speech_04155.wav
/home/lab9-gpu/PRH/WAVE/WAVE/clean_speech_01910.wav
/home/lab9-gpu/PRH/WAVE/WAVE/clean_speech_06153.wav
/home/lab9-gpu/PRH/WAVE/WAVE/clean_speech_01341.wav
/home/lab9-gpu/PRH/WAVE/WAVE/clean_speech_02217.wav
/home/lab9-gpu/PRH/WAVE/WAVE/clean_speech_06842.wav
/home/lab9-gpu/PRH/WAVE/WAVE/clean_speech_02722.wav
/home/lab9-gpu/PRH/WAVE/WAVE/clean_speech_03869.wav
/home/lab9-gpu/PRH/WAVE/WAVE/clean_speech_01348.wav
/home/lab9-gpu/PRH/WAVE/WAVE/clean_speech_04364.wav
/home/lab9-gpu/PRH/WAVE/WAVE/clean_speech_03217.wav
/home/lab9-gpu/PRH/WAVE/WAVE/clean_speech_09386.wav
/home/lab9-gpu/PRH/WAVE/WAVE/clean_speech_07852.wav
/home/lab9-gpu/PRH/WAVE/WAVE/clean_speech_05485.wav
/home/lab9-gpu/PRH/WAVE/WAVE/clean_speech_03038.wav
/home/lab9-gpu/PRH/WAVE/WAVE/clean_speech_05995.wav
/home/lab9-gpu/PRH/WAVE/WAVE/clean_speech_04287.wav
/home/lab9-gpu/PRH/WAVE/WAVE/clean_speech_03804.wav
/home/lab9-gpu/PRH/WAVE/WAVE/clean_speech_02405.wav
/home/lab9-gpu/PRH/WAVE/WAVE/clean_speech_06169.wav
/home/lab9-gpu/PRH/WAVE/WAVE/clean_speech_08103.wav
/home/lab9-gpu/PRH/WAVE/WAVE/clean_speech_01317.wav
/home/lab9-gpu/PRH/WAVE/WAVE/clean_speech_01827.wav
/home/lab9-gpu/PRH/WAVE/WAVE/clean_speech_03593.wav
/home/lab9-gpu/PRH/WAVE/WAVE/clean_speech_09221.wav
/home/lab9-gpu/PRH/WAVE/WAVE/clean_speech_00986.wav
/home/lab9-gpu/PRH/WAVE/WAVE/clean_speech_01617.wav
/home/lab9-gpu/PRH/WAVE/WAVE/clean_speech_08223.wav
/home/lab9-gpu/PRH/WAVE/WAVE/clean_speech_09980.wav
/home/lab9-gpu/PRH/WAVE/WAVE/clean_speech_02157.wav
/home/lab9-gpu/PRH/WAVE/WAVE/clean_speech_07925.wav
/home/lab9-gpu/PRH/WAVE/WAVE/clean_speech_01697.wav
/home/lab9-gpu/PRH/WAVE/WAVE/clean_speech_08313.wav
/home/lab9-gpu/PRH/WAVE/WAVE/clean_speech_09195.wav
/home/lab9-gpu/PRH/WAVE/WAVE/clean_speech_07189.wav
/home/lab9-gpu/PRH/WAVE/WAVE/clean_speech_05357.wav
/home/lab9-gpu/PRH/WAVE/WAVE/clean_speech_04466.wav
/home/lab9-gpu/PRH/WAVE/WAVE/clean_speech_03026.wav
/home/lab9-gpu/PRH/WAVE/WAVE/clean_speech_04639.wav
/home/lab9-gpu/PRH/WAVE/WAVE/clean_speech_08768.wav
/home/lab9-gpu/PRH/WAVE/WAVE/clean_speech_08538.wav
/home/lab9-gpu/PRH/WAVE/WAVE/clean_speech_04995.wav
/home/lab9-gpu/PRH/WAVE/WAVE/clean_speech_06351.wav
/home/lab9-gpu/PRH/WAVE/WAVE/clean_speech_04282.wav
/home/lab9-gpu/PRH/WAVE/WAVE/clean_speech_02392.wav
/home/lab9-gpu/PRH/WAVE/WAVE/clean_speech_06721.wav
/home/lab9-gpu/PRH/WAVE/WAVE/clean_speech_02158.wav
/home/lab9-gpu/PRH/WAVE/WAVE/clean_speech_00736.wav
/home/lab9-gpu/PRH/WAVE/WAVE/clean_speech_03465.wav
/home/lab9-gpu/PRH/WAVE/WAVE/clean_speech_02893.wav
/home/lab9-gpu/PRH/WAVE/WAVE/clean_speech_08174.wav
/home/lab9-gpu/PRH/WAVE/WAVE/clean_speech_07252.wav
/home/lab9-gpu/PRH/WAVE/WAVE/clean_speech_04405.wav
/home/lab9-gpu/PRH/WAVE/WAVE/clean_speech_06549.wav
/home/lab9-gpu/PRH/WAVE/WAVE/clean_speech_08752.wav
/home/lab9-gpu/PRH/WAVE/WAVE/clean_speech_03504.wav
/home/lab9-gpu/PRH/WAVE/WAVE/clean_speech_09071.wav
/home/lab9-gpu/PRH/WAVE/WAVE/clean_speech_03923.wav
/home/lab9-gpu/PRH/WAVE/WAVE/clean_speech_03913.wav
/home/lab9-gpu/PRH/WAVE/WAVE/clean_speech_09260.wav
/home/lab9-gpu/PRH/WAVE/WAVE/clean_speech_02646.wav
/home/lab9-gpu/PRH/WAVE/WAVE/clean_speech_03091.wav
/home/lab9-gpu/PRH/WAVE/WAVE/clean_speech_03235.wav
/home/lab9-gpu/PRH/WAVE/WAVE/clean_speech_09028.wav
/home/lab9-gpu/PRH/WAVE/WAVE/clean_speech_02497.wav
/home/lab9-gpu/PRH/WAVE/WAVE/clean_speech_01004.wav
/home/lab9-gpu/PRH/WAVE/WAVE/clean_speech_00608.wav
/home/lab9-gpu/PRH/WAVE/WAVE/clean_speech_00937.wav
/home/lab9-gpu/PRH/WAVE/WAVE/clean_speech_04665.wav
/home/lab9-gpu/PRH/WAVE/WAVE/clean_speech_09879.wav
/home/lab9-gpu/PRH/WAVE/WAVE/clean_speech_08397.wav
/home/lab9-gpu/PRH/WAVE/WAVE/clean_speech_07390.wav
/home/lab9-gpu/PRH/WAVE/WAVE/clean_speech_00882.wav
/home/lab9-gpu/PRH/WAVE/WAVE/clean_speech_03075.wav
/home/lab9-gpu/PRH/WAVE/WAVE/clean_speech_09259.wav
/home/lab9-gpu/PRH/WAVE/WAVE/clean_speech_01817.wav
/home/lab9-gpu/PRH/WAVE/WAVE/clean_speech_00674.wav
/home/lab9-gpu/PRH/WAVE/WAVE/clean_speech_04447.wav
/home/lab9-gpu/PRH/WAVE/WAVE/clean_speech_04296.wav
/home/lab9-gpu/PRH/WAVE/WAVE/clean_speech_01599.wav
/home/lab9-gpu/PRH/WAVE/WAVE/clean_speech_00972.wav
/home/lab9-gpu/PRH/WAVE/WAVE/clean_speech_08092.wav
/home/lab9-gpu/PRH/WAVE/WAVE/clean_speech_08023.wav
/home/lab9-gpu/PRH/WAVE/WAVE/clean_speech_04582.wav
/home/lab9-gpu/PRH/WAVE/WAVE/clean_speech_04592.wav
/home/lab9-gpu/PRH/WAVE/WAVE/clean_speech_02745.wav
/home/lab9-gpu/PRH/WAVE/WAVE/clean_speech_08420.wav
/home/lab9-gpu/PRH/WAVE/WAVE/clean_speech_06820.wav
/home/lab9-gpu/PRH/WAVE/WAVE/clean_speech_09570.wav
/home/lab9-gpu/PRH/WAVE/WAVE/clean_speech_00720.wav
/home/lab9-gpu/PRH/WAVE/WAVE/clean_speech_07121.wav
/home/lab9-gpu/PRH/WAVE/WAVE/clean_speech_08983.wav
/home/lab9-gpu/PRH/WAVE/WAVE/clean_speech_05805.wav
/home/lab9-gpu/PRH/WAVE/WAVE/clean_speech_02208.wav
/home/lab9-gpu/PRH/WAVE/WAVE/clean_speech_01142.wav
/home/lab9-gpu/PRH/WAVE/WAVE/clean_speech_05110.wav
/home/lab9-gpu/PRH/WAVE/WAVE/clean_speech_07973.wav
/home/lab9-gpu/PRH/WAVE/WAVE/clean_speech_06368.wav
/home/lab9-gpu/PRH/WAVE/WAVE/clean_speech_04404.wav
/home/lab9-gpu/PRH/WAVE/WAVE/clean_speech_04991.wav
/home/lab9-gpu/PRH/WAVE/WAVE/clean_speech_02113.wav
/home/lab9-gpu/PRH/WAVE/WAVE/clean_speech_08070.wav
/home/lab9-gpu/PRH/WAVE/WAVE/clean_speech_09859.wav
/home/lab9-gpu/PRH/WAVE/WAVE/clean_speech_04576.wav
/home/lab9-gpu/PRH/WAVE/WAVE/clean_speech_00473.wav
/home/lab9-gpu/PRH/WAVE/WAVE/clean_speech_02688.wav
/home/lab9-gpu/PRH/WAVE/WAVE/clean_speech_08540.wav
/home/lab9-gpu/PRH/WAVE/WAVE/clean_speech_02859.wav
/home/lab9-gpu/PRH/WAVE/WAVE/clean_speech_08342.wav
/home/lab9-gpu/PRH/WAVE/WAVE/clean_speech_08173.wav
/home/lab9-gpu/PRH/WAVE/WAVE/clean_speech_08675.wav
/home/lab9-gpu/PRH/WAVE/WAVE/clean_speech_08496.wav
/home/lab9-gpu/PRH/WAVE/WAVE/clean_speech_03560.wav
/home/lab9-gpu/PRH/WAVE/WAVE/clean_speech_00520.wav
/home/lab9-gpu/PRH/WAVE/WAVE/clean_speech_05681.wav
/home/lab9-gpu/PRH/WAVE/WAVE/clean_speech_06903.wav
/home/lab9-gpu/PRH/WAVE/WAVE/clean_speech_08209.wav
/home/lab9-gpu/PRH/WAVE/WAVE/clean_speech_02378.wav
/home/lab9-gpu/PRH/WAVE/WAVE/clean_speech_03005.wav
/home/lab9-gpu/PRH/WAVE/WAVE/clean_speech_01761.wav
/home/lab9-gpu/PRH/WAVE/WAVE/clean_speech_09634.wav
/home/lab9-gpu/PRH/WAVE/WAVE/clean_speech_03751.wav
/home/lab9-gpu/PRH/WAVE/WAVE/clean_speech_03427.wav
/home/lab9-gpu/PRH/WAVE/WAVE/clean_speech_04065.wav
/home/lab9-gpu/PRH/WAVE/WAVE/clean_speech_05387.wav
/home/lab9-gpu/PRH/WAVE/WAVE/clean_speech_08876.wav
/home/lab9-gpu/PRH/WAVE/WAVE/clean_speech_05036.wav
/home/lab9-gpu/PRH/WAVE/WAVE/clean_speech_05092.wav
/home/lab9-gpu/PRH/WAVE/WAVE/clean_speech_03355.wav
/home/lab9-gpu/PRH/WAVE/WAVE/clean_speech_02868.wav
/home/lab9-gpu/PRH/WAVE/WAVE/clean_speech_00124.wav
/home/lab9-gpu/PRH/WAVE/WAVE/clean_speech_03874.wav
/home/lab9-gpu/PRH/WAVE/WAVE/clean_speech_08504.wav
/home/lab9-gpu/PRH/WAVE/WAVE/clean_speech_04757.wav
/home/lab9-gpu/PRH/WAVE/WAVE/clean_speech_06309.wav
/home/lab9-gpu/PRH/WAVE/WAVE/clean_speech_09600.wav
/home/lab9-gpu/PRH/WAVE/WAVE/clean_speech_08212.wav
/home/lab9-gpu/PRH/WAVE/WAVE/clean_speech_03957.wav
/home/lab9-gpu/PRH/WAVE/WAVE/clean_speech_06630.wav
/home/lab9-gpu/PRH/WAVE/WAVE/clean_speech_09749.wav
/home/lab9-gpu/PRH/WAVE/WAVE/clean_speech_02183.wav
/home/lab9-gpu/PRH/WAVE/WAVE/clean_speech_04584.wav
/home/lab9-gpu/PRH/WAVE/WAVE/clean_speech_00793.wav
/home/lab9-gpu/PRH/WAVE/WAVE/clean_speech_03714.wav
/home/lab9-gpu/PRH/WAVE/WAVE/clean_speech_07956.wav
/home/lab9-gpu/PRH/WAVE/WAVE/clean_speech_05664.wav
/home/lab9-gpu/PRH/WAVE/WAVE/clean_speech_02943.wav
/home/lab9-gpu/PRH/WAVE/WAVE/clean_speech_01056.wav
/home/lab9-gpu/PRH/WAVE/WAVE/clean_speech_03455.wav
/home/lab9-gpu/PRH/WAVE/WAVE/clean_speech_06450.wav
/home/lab9-gpu/PRH/WAVE/WAVE/clean_speech_04472.wav
/home/lab9-gpu/PRH/WAVE/WAVE/clean_speech_09712.wav
/home/lab9-gpu/PRH/WAVE/WAVE/clean_speech_04124.wav
/home/lab9-gpu/PRH/WAVE/WAVE/clean_speech_08311.wav
/home/lab9-gpu/PRH/WAVE/WAVE/clean_speech_01732.wav
/home/lab9-gpu/PRH/WAVE/WAVE/clean_speech_04075.wav
/home/lab9-gpu/PRH/WAVE/WAVE/clean_speech_09267.wav
/home/lab9-gpu/PRH/WAVE/WAVE/clean_speech_07325.wav
/home/lab9-gpu/PRH/WAVE/WAVE/clean_speech_05756.wav
/home/lab9-gpu/PRH/WAVE/WAVE/clean_speech_05689.wav
/home/lab9-gpu/PRH/WAVE/WAVE/clean_speech_02557.wav
/home/lab9-gpu/PRH/WAVE/WAVE/clean_speech_03620.wav
/home/lab9-gpu/PRH/WAVE/WAVE/clean_speech_02002.wav
/home/lab9-gpu/PRH/WAVE/WAVE/clean_speech_02947.wav
/home/lab9-gpu/PRH/WAVE/WAVE/clean_speech_00742.wav
/home/lab9-gpu/PRH/WAVE/WAVE/clean_speech_01831.wav
/home/lab9-gpu/PRH/WAVE/WAVE/clean_speech_03467.wav
/home/lab9-gpu/PRH/WAVE/WAVE/clean_speech_07202.wav
/home/lab9-gpu/PRH/WAVE/WAVE/clean_speech_09676.wav
/home/lab9-gpu/PRH/WAVE/WAVE/clean_speech_08932.wav
/home/lab9-gpu/PRH/WAVE/WAVE/clean_speech_00930.wav
/home/lab9-gpu/PRH/WAVE/WAVE/clean_speech_02291.wav
/home/lab9-gpu/PRH/WAVE/WAVE/clean_speech_08984.wav
/home/lab9-gpu/PRH/WAVE/WAVE/clean_speech_06210.wav
/home/lab9-gpu/PRH/WAVE/WAVE/clean_speech_03556.wav
/home/lab9-gpu/PRH/WAVE/WAVE/clean_speech_01425.wav
/home/lab9-gpu/PRH/WAVE/WAVE/clean_speech_09668.wav
/home/lab9-gpu/PRH/WAVE/WAVE/clean_speech_05164.wav
/home/lab9-gpu/PRH/WAVE/WAVE/clean_speech_01757.wav
/home/lab9-gpu/PRH/WAVE/WAVE/clean_speech_07868.wav
/home/lab9-gpu/PRH/WAVE/WAVE/clean_speech_09897.wav
/home/lab9-gpu/PRH/WAVE/WAVE/clean_speech_06422.wav
/home/lab9-gpu/PRH/WAVE/WAVE/clean_speech_03661.wav
/home/lab9-gpu/PRH/WAVE/WAVE/clean_speech_01189.wav
/home/lab9-gpu/PRH/WAVE/WAVE/clean_speech_09343.wav
/home/lab9-gpu/PRH/WAVE/WAVE/clean_speech_02545.wav
/home/lab9-gpu/PRH/WAVE/WAVE/clean_speech_00075.wav
/home/lab9-gpu/PRH/WAVE/WAVE/clean_speech_00158.wav
/home/lab9-gpu/PRH/WAVE/WAVE/clean_speech_02955.wav
/home/lab9-gpu/PRH/WAVE/WAVE/clean_speech_01011.wav
/home/lab9-gpu/PRH/WAVE/WAVE/clean_speech_09051.wav
/home/lab9-gpu/PRH/WAVE/WAVE/clean_speech_09013.wav
/home/lab9-gpu/PRH/WAVE/WAVE/clean_speech_06319.wav
/home/lab9-gpu/PRH/WAVE/WAVE/clean_speech_09921.wav
/home/lab9-gpu/PRH/WAVE/WAVE/clean_speech_02617.wav
/home/lab9-gpu/PRH/WAVE/WAVE/clean_speech_03927.wav
/home/lab9-gpu/PRH/WAVE/WAVE/clean_speech_08771.wav
/home/lab9-gpu/PRH/WAVE/WAVE/clean_speech_08741.wav
/home/lab9-gpu/PRH/WAVE/WAVE/clean_speech_03744.wav
/home/lab9-gpu/PRH/WAVE/WAVE/clean_speech_04656.wav
/home/lab9-gpu/PRH/WAVE/WAVE/clean_speech_09650.wav
/home/lab9-gpu/PRH/WAVE/WAVE/clean_speech_05717.wav
/home/lab9-gpu/PRH/WAVE/WAVE/clean_speech_09910.wav
/home/lab9-gpu/PRH/WAVE/WAVE/clean_speech_08270.wav
/home/lab9-gpu/PRH/WAVE/WAVE/clean_speech_04939.wav
/home/lab9-gpu/PRH/WAVE/WAVE/clean_speech_07306.wav
/home/lab9-gpu/PRH/WAVE/WAVE/clean_speech_08824.wav
/home/lab9-gpu/PRH/WAVE/WAVE/clean_speech_06021.wav
/home/lab9-gpu/PRH/WAVE/WAVE/clean_speech_05719.wav
/home/lab9-gpu/PRH/WAVE/WAVE/clean_speech_04662.wav
/home/lab9-gpu/PRH/WAVE/WAVE/clean_speech_03652.wav
/home/lab9-gpu/PRH/WAVE/WAVE/clean_speech_04605.wav
/home/lab9-gpu/PRH/WAVE/WAVE/clean_speech_05429.wav
/home/lab9-gpu/PRH/WAVE/WAVE/clean_speech_04019.wav
/home/lab9-gpu/PRH/WAVE/WAVE/clean_speech_08867.wav
/home/lab9-gpu/PRH/WAVE/WAVE/clean_speech_07915.wav
/home/lab9-gpu/PRH/WAVE/WAVE/clean_speech_03480.wav
/home/lab9-gpu/PRH/WAVE/WAVE/clean_speech_06491.wav
/home/lab9-gpu/PRH/WAVE/WAVE/clean_speech_04009.wav
/home/lab9-gpu/PRH/WAVE/WAVE/clean_speech_09909.wav
/home/lab9-gpu/PRH/WAVE/WAVE/clean_speech_02770.wav
/home/lab9-gpu/PRH/WAVE/WAVE/clean_speech_00614.wav
/home/lab9-gpu/PRH/WAVE/WAVE/clean_speech_02595.wav
/home/lab9-gpu/PRH/WAVE/WAVE/clean_speech_07448.wav
/home/lab9-gpu/PRH/WAVE/WAVE/clean_speech_03982.wav
/home/lab9-gpu/PRH/WAVE/WAVE/clean_speech_08886.wav
/home/lab9-gpu/PRH/WAVE/WAVE/clean_speech_08994.wav
/home/lab9-gpu/PRH/WAVE/WAVE/clean_speech_02076.wav
/home/lab9-gpu/PRH/WAVE/WAVE/clean_speech_01241.wav
/home/lab9-gpu/PRH/WAVE/WAVE/clean_speech_04317.wav
/home/lab9-gpu/PRH/WAVE/WAVE/clean_speech_08602.wav
/home/lab9-gpu/PRH/WAVE/WAVE/clean_speech_00030.wav
/home/lab9-gpu/PRH/WAVE/WAVE/clean_speech_04385.wav
/home/lab9-gpu/PRH/WAVE/WAVE/clean_speech_06904.wav
/home/lab9-gpu/PRH/WAVE/WAVE/clean_speech_01087.wav
/home/lab9-gpu/PRH/WAVE/WAVE/clean_speech_05537.wav
/home/lab9-gpu/PRH/WAVE/WAVE/clean_speech_04097.wav
/home/lab9-gpu/PRH/WAVE/WAVE/clean_speech_03049.wav
/home/lab9-gpu/PRH/WAVE/WAVE/clean_speech_03371.wav
/home/lab9-gpu/PRH/WAVE/WAVE/clean_speech_03179.wav
/home/lab9-gpu/PRH/WAVE/WAVE/clean_speech_02431.wav
/home/lab9-gpu/PRH/WAVE/WAVE/clean_speech_08154.wav
/home/lab9-gpu/PRH/WAVE/WAVE/clean_speech_06378.wav
/home/lab9-gpu/PRH/WAVE/WAVE/clean_speech_09273.wav
/home/lab9-gpu/PRH/WAVE/WAVE/clean_speech_02322.wav
/home/lab9-gpu/PRH/WAVE/WAVE/clean_speech_00512.wav
/home/lab9-gpu/PRH/WAVE/WAVE/clean_speech_00279.wav
/home/lab9-gpu/PRH/WAVE/WAVE/clean_speech_00184.wav
/home/lab9-gpu/PRH/WAVE/WAVE/clean_speech_02098.wav
/home/lab9-gpu/PRH/WAVE/WAVE/clean_speech_08817.wav
/home/lab9-gpu/PRH/WAVE/WAVE/clean_speech_06024.wav
/home/lab9-gpu/PRH/WAVE/WAVE/clean_speech_09653.wav
/home/lab9-gpu/PRH/WAVE/WAVE/clean_speech_03629.wav
/home/lab9-gpu/PRH/WAVE/WAVE/clean_speech_06241.wav
/home/lab9-gpu/PRH/WAVE/WAVE/clean_speech_03399.wav
/home/lab9-gpu/PRH/WAVE/WAVE/clean_speech_03774.wav
/home/lab9-gpu/PRH/WAVE/WAVE/clean_speech_09894.wav
/home/lab9-gpu/PRH/WAVE/WAVE/clean_speech_07385.wav
/home/lab9-gpu/PRH/WAVE/WAVE/clean_speech_05617.wav
/home/lab9-gpu/PRH/WAVE/WAVE/clean_speech_01281.wav
/home/lab9-gpu/PRH/WAVE/WAVE/clean_speech_08623.wav
/home/lab9-gpu/PRH/WAVE/WAVE/clean_speech_00953.wav
/home/lab9-gpu/PRH/WAVE/WAVE/clean_speech_09347.wav
/home/lab9-gpu/PRH/WAVE/WAVE/clean_speech_00233.wav
/home/lab9-gpu/PRH/WAVE/WAVE/clean_speech_07395.wav
/home/lab9-gpu/PRH/WAVE/WAVE/clean_speech_00141.wav
/home/lab9-gpu/PRH/WAVE/WAVE/clean_speech_04471.wav
/home/lab9-gpu/PRH/WAVE/WAVE/clean_speech_00297.wav
/home/lab9-gpu/PRH/WAVE/WAVE/clean_speech_03895.wav
/home/lab9-gpu/PRH/WAVE/WAVE/clean_speech_09378.wav
/home/lab9-gpu/PRH/WAVE/WAVE/clean_speech_05160.wav
/home/lab9-gpu/PRH/WAVE/WAVE/clean_speech_07660.wav
/home/lab9-gpu/PRH/WAVE/WAVE/clean_speech_01009.wav
/home/lab9-gpu/PRH/WAVE/WAVE/clean_speech_08095.wav
/home/lab9-gpu/PRH/WAVE/WAVE/clean_speech_07966.wav
/home/lab9-gpu/PRH/WAVE/WAVE/clean_speech_02452.wav
/home/lab9-gpu/PRH/WAVE/WAVE/clean_speech_09105.wav
/home/lab9-gpu/PRH/WAVE/WAVE/clean_speech_06345.wav
/home/lab9-gpu/PRH/WAVE/WAVE/clean_speech_09280.wav
/home/lab9-gpu/PRH/WAVE/WAVE/clean_speech_09635.wav
/home/lab9-gpu/PRH/WAVE/WAVE/clean_speech_04010.wav
/home/lab9-gpu/PRH/WAVE/WAVE/clean_speech_07591.wav
/home/lab9-gpu/PRH/WAVE/WAVE/clean_speech_01651.wav
/home/lab9-gpu/PRH/WAVE/WAVE/clean_speech_05222.wav
/home/lab9-gpu/PRH/WAVE/WAVE/clean_speech_01298.wav
/home/lab9-gpu/PRH/WAVE/WAVE/clean_speech_05814.wav
/home/lab9-gpu/PRH/WAVE/WAVE/clean_speech_04495.wav
/home/lab9-gpu/PRH/WAVE/WAVE/clean_speech_06801.wav
/home/lab9-gpu/PRH/WAVE/WAVE/clean_speech_08986.wav
/home/lab9-gpu/PRH/WAVE/WAVE/clean_speech_01460.wav
/home/lab9-gpu/PRH/WAVE/WAVE/clean_speech_05408.wav
/home/lab9-gpu/PRH/WAVE/WAVE/clean_speech_03159.wav
/home/lab9-gpu/PRH/WAVE/WAVE/clean_speech_07662.wav
/home/lab9-gpu/PRH/WAVE/WAVE/clean_speech_06432.wav
/home/lab9-gpu/PRH/WAVE/WAVE/clean_speech_04038.wav
/home/lab9-gpu/PRH/WAVE/WAVE/clean_speech_00554.wav
/home/lab9-gpu/PRH/WAVE/WAVE/clean_speech_08825.wav
/home/lab9-gpu/PRH/WAVE/WAVE/clean_speech_07303.wav
/home/lab9-gpu/PRH/WAVE/WAVE/clean_speech_04664.wav
/home/lab9-gpu/PRH/WAVE/WAVE/clean_speech_07939.wav
/home/lab9-gpu/PRH/WAVE/WAVE/clean_speech_09008.wav
/home/lab9-gpu/PRH/WAVE/WAVE/clean_speech_06138.wav
/home/lab9-gpu/PRH/WAVE/WAVE/clean_speech_08516.wav
/home/lab9-gpu/PRH/WAVE/WAVE/clean_speech_00873.wav
/home/lab9-gpu/PRH/WAVE/WAVE/clean_speech_07393.wav
/home/lab9-gpu/PRH/WAVE/WAVE/clean_speech_09748.wav
/home/lab9-gpu/PRH/WAVE/WAVE/clean_speech_03253.wav
/home/lab9-gpu/PRH/WAVE/WAVE/clean_speech_01552.wav
/home/lab9-gpu/PRH/WAVE/WAVE/clean_speech_01068.wav
/home/lab9-gpu/PRH/WAVE/WAVE/clean_speech_08045.wav
/home/lab9-gpu/PRH/WAVE/WAVE/clean_speech_04552.wav
/home/lab9-gpu/PRH/WAVE/WAVE/clean_speech_05237.wav
/home/lab9-gpu/PRH/WAVE/WAVE/clean_speech_04967.wav
/home/lab9-gpu/PRH/WAVE/WAVE/clean_speech_02420.wav
/home/lab9-gpu/PRH/WAVE/WAVE/clean_speech_08953.wav
/home/lab9-gpu/PRH/WAVE/WAVE/clean_speech_08554.wav
/home/lab9-gpu/PRH/WAVE/WAVE/clean_speech_05797.wav
/home/lab9-gpu/PRH/WAVE/WAVE/clean_speech_03070.wav
/home/lab9-gpu/PRH/WAVE/WAVE/clean_speech_00634.wav
/home/lab9-gpu/PRH/WAVE/WAVE/clean_speech_06347.wav
/home/lab9-gpu/PRH/WAVE/WAVE/clean_speech_07452.wav
/home/lab9-gpu/PRH/WAVE/WAVE/clean_speech_03498.wav
/home/lab9-gpu/PRH/WAVE/WAVE/clean_speech_06229.wav
/home/lab9-gpu/PRH/WAVE/WAVE/clean_speech_01804.wav
/home/lab9-gpu/PRH/WAVE/WAVE/clean_speech_09452.wav
/home/lab9-gpu/PRH/WAVE/WAVE/clean_speech_01841.wav
/home/lab9-gpu/PRH/WAVE/WAVE/clean_speech_06215.wav
/home/lab9-gpu/PRH/WAVE/WAVE/clean_speech_00464.wav
/home/lab9-gpu/PRH/WAVE/WAVE/clean_speech_02214.wav
/home/lab9-gpu/PRH/WAVE/WAVE/clean_speech_09102.wav
/home/lab9-gpu/PRH/WAVE/WAVE/clean_speech_03029.wav
/home/lab9-gpu/PRH/WAVE/WAVE/clean_speech_04933.wav
/home/lab9-gpu/PRH/WAVE/WAVE/clean_speech_05988.wav
/home/lab9-gpu/PRH/WAVE/WAVE/clean_speech_07902.wav
/home/lab9-gpu/PRH/WAVE/WAVE/clean_speech_07775.wav
/home/lab9-gpu/PRH/WAVE/WAVE/clean_speech_08732.wav
/home/lab9-gpu/PRH/WAVE/WAVE/clean_speech_02652.wav
/home/lab9-gpu/PRH/WAVE/WAVE/clean_speech_07957.wav
/home/lab9-gpu/PRH/WAVE/WAVE/clean_speech_00829.wav
/home/lab9-gpu/PRH/WAVE/WAVE/clean_speech_09176.wav
/home/lab9-gpu/PRH/WAVE/WAVE/clean_speech_05215.wav
/home/lab9-gpu/PRH/WAVE/WAVE/clean_speech_07102.wav
/home/lab9-gpu/PRH/WAVE/WAVE/clean_speech_08632.wav
/home/lab9-gpu/PRH/WAVE/WAVE/clean_speech_09479.wav
/home/lab9-gpu/PRH/WAVE/WAVE/clean_speech_09761.wav
/home/lab9-gpu/PRH/WAVE/WAVE/clean_speech_09590.wav
/home/lab9-gpu/PRH/WAVE/WAVE/clean_speech_09366.wav
/home/lab9-gpu/PRH/WAVE/WAVE/clean_speech_02074.wav
/home/lab9-gpu/PRH/WAVE/WAVE/clean_speech_01503.wav
/home/lab9-gpu/PRH/WAVE/WAVE/clean_speech_05748.wav
/home/lab9-gpu/PRH/WAVE/WAVE/clean_speech_07657.wav
/home/lab9-gpu/PRH/WAVE/WAVE/clean_speech_08718.wav
/home/lab9-gpu/PRH/WAVE/WAVE/clean_speech_00078.wav
/home/lab9-gpu/PRH/WAVE/WAVE/clean_speech_05529.wav
/home/lab9-gpu/PRH/WAVE/WAVE/clean_speech_02707.wav
/home/lab9-gpu/PRH/WAVE/WAVE/clean_speech_06260.wav
/home/lab9-gpu/PRH/WAVE/WAVE/clean_speech_02533.wav
/home/lab9-gpu/PRH/WAVE/WAVE/clean_speech_06854.wav
/home/lab9-gpu/PRH/WAVE/WAVE/clean_speech_09669.wav
/home/lab9-gpu/PRH/WAVE/WAVE/clean_speech_03995.wav
/home/lab9-gpu/PRH/WAVE/WAVE/clean_speech_02316.wav
/home/lab9-gpu/PRH/WAVE/WAVE/clean_speech_01060.wav
/home/lab9-gpu/PRH/WAVE/WAVE/clean_speech_01495.wav
/home/lab9-gpu/PRH/WAVE/WAVE/clean_speech_09173.wav
/home/lab9-gpu/PRH/WAVE/WAVE/clean_speech_09832.wav
/home/lab9-gpu/PRH/WAVE/WAVE/clean_speech_07049.wav
/home/lab9-gpu/PRH/WAVE/WAVE/clean_speech_05162.wav
/home/lab9-gpu/PRH/WAVE/WAVE/clean_speech_05902.wav
/home/lab9-gpu/PRH/WAVE/WAVE/clean_speech_04678.wav
/home/lab9-gpu/PRH/WAVE/WAVE/clean_speech_07679.wav
/home/lab9-gpu/PRH/WAVE/WAVE/clean_speech_06370.wav
/home/lab9-gpu/PRH/WAVE/WAVE/clean_speech_03789.wav
/home/lab9-gpu/PRH/WAVE/WAVE/clean_speech_07018.wav
/home/lab9-gpu/PRH/WAVE/WAVE/clean_speech_05665.wav
/home/lab9-gpu/PRH/WAVE/WAVE/clean_speech_00393.wav
/home/lab9-gpu/PRH/WAVE/WAVE/clean_speech_07864.wav
/home/lab9-gpu/PRH/WAVE/WAVE/clean_speech_06811.wav
/home/lab9-gpu/PRH/WAVE/WAVE/clean_speech_08970.wav
/home/lab9-gpu/PRH/WAVE/WAVE/clean_speech_02633.wav
/home/lab9-gpu/PRH/WAVE/WAVE/clean_speech_03401.wav
/home/lab9-gpu/PRH/WAVE/WAVE/clean_speech_03672.wav
/home/lab9-gpu/PRH/WAVE/WAVE/clean_speech_05951.wav
/home/lab9-gpu/PRH/WAVE/WAVE/clean_speech_07780.wav
/home/lab9-gpu/PRH/WAVE/WAVE/clean_speech_01938.wav
/home/lab9-gpu/PRH/WAVE/WAVE/clean_speech_07208.wav
/home/lab9-gpu/PRH/WAVE/WAVE/clean_speech_04363.wav
/home/lab9-gpu/PRH/WAVE/WAVE/clean_speech_07074.wav
/home/lab9-gpu/PRH/WAVE/WAVE/clean_speech_00308.wav
/home/lab9-gpu/PRH/WAVE/WAVE/clean_speech_07527.wav
/home/lab9-gpu/PRH/WAVE/WAVE/clean_speech_01707.wav
/home/lab9-gpu/PRH/WAVE/WAVE/clean_speech_01795.wav
/home/lab9-gpu/PRH/WAVE/WAVE/clean_speech_00152.wav
/home/lab9-gpu/PRH/WAVE/WAVE/clean_speech_02293.wav
/home/lab9-gpu/PRH/WAVE/WAVE/clean_speech_00131.wav
/home/lab9-gpu/PRH/WAVE/WAVE/clean_speech_05890.wav
/home/lab9-gpu/PRH/WAVE/WAVE/clean_speech_05587.wav
/home/lab9-gpu/PRH/WAVE/WAVE/clean_speech_04581.wav
/home/lab9-gpu/PRH/WAVE/WAVE/clean_speech_02572.wav
/home/lab9-gpu/PRH/WAVE/WAVE/clean_speech_03846.wav
/home/lab9-gpu/PRH/WAVE/WAVE/clean_speech_00241.wav
/home/lab9-gpu/PRH/WAVE/WAVE/clean_speech_02057.wav
/home/lab9-gpu/PRH/WAVE/WAVE/clean_speech_02837.wav
/home/lab9-gpu/PRH/WAVE/WAVE/clean_speech_01120.wav
/home/lab9-gpu/PRH/WAVE/WAVE/clean_speech_03074.wav
/home/lab9-gpu/PRH/WAVE/WAVE/clean_speech_07292.wav
/home/lab9-gpu/PRH/WAVE/WAVE/clean_speech_09341.wav
/home/lab9-gpu/PRH/WAVE/WAVE/clean_speech_06711.wav
/home/lab9-gpu/PRH/WAVE/WAVE/clean_speech_05341.wav
/home/lab9-gpu/PRH/WAVE/WAVE/clean_speech_01207.wav
/home/lab9-gpu/PRH/WAVE/WAVE/clean_speech_03486.wav
/home/lab9-gpu/PRH/WAVE/WAVE/clean_speech_01740.wav
/home/lab9-gpu/PRH/WAVE/WAVE/clean_speech_09215.wav
/home/lab9-gpu/PRH/WAVE/WAVE/clean_speech_01662.wav
/home/lab9-gpu/PRH/WAVE/WAVE/clean_speech_06539.wav
/home/lab9-gpu/PRH/WAVE/WAVE/clean_speech_02968.wav
/home/lab9-gpu/PRH/WAVE/WAVE/clean_speech_01771.wav
/home/lab9-gpu/PRH/WAVE/WAVE/clean_speech_03280.wav
/home/lab9-gpu/PRH/WAVE/WAVE/clean_speech_08172.wav
/home/lab9-gpu/PRH/WAVE/WAVE/clean_speech_04834.wav
/home/lab9-gpu/PRH/WAVE/WAVE/clean_speech_09094.wav
/home/lab9-gpu/PRH/WAVE/WAVE/clean_speech_06858.wav
/home/lab9-gpu/PRH/WAVE/WAVE/clean_speech_06996.wav
/home/lab9-gpu/PRH/WAVE/WAVE/clean_speech_00573.wav
/home/lab9-gpu/PRH/WAVE/WAVE/clean_speech_04312.wav
/home/lab9-gpu/PRH/WAVE/WAVE/clean_speech_02697.wav