/home/lab9-gpu/PRH/WAVE/WAVE/clean_speech_07482.wav
/home/lab9-gpu/PRH/WAVE/WAVE/clean_speech_01812.wav
/home/lab9-gpu/PRH/WAVE/WAVE/clean_speech_02517.wav
/home/lab9-gpu/PRH/WAVE/WAVE/clean_speech_02368.wav
/home/lab9-gpu/PRH/WAVE/WAVE/clean_speech_00054.wav
/home/lab9-gpu/PRH/WAVE/WAVE/clean_speech_04451.wav
/home/lab9-gpu/PRH/WAVE/WAVE/clean_speech_00862.wav
/home/lab9-gpu/PRH/WAVE/WAVE/clean_speech_01355.wav
/home/lab9-gpu/PRH/WAVE/WAVE/clean_speech_01855.wav
/home/lab9-gpu/PRH/WAVE/WAVE/clean_speech_08557.wav
/home/lab9-gpu/PRH/WAVE/WAVE/clean_speech_05943.wav
/home/lab9-gpu/PRH/WAVE/WAVE/clean_speech_04297.wav
/home/lab9-gpu/PRH/WAVE/WAVE/clean_speech_06076.wav
/home/lab9-gpu/PRH/WAVE/WAVE/clean_speech_03915.wav
/home/lab9-gpu/PRH/WAVE/WAVE/clean_speech_08349.wav
/home/lab9-gpu/PRH/WAVE/WAVE/clean_speech_02532.wav
/home/lab9-gpu/PRH/WAVE/WAVE/clean_speech_07492.wav
/home/lab9-gpu/PRH/WAVE/WAVE/clean_speech_07514.wav
/home/lab9-gpu/PRH/WAVE/WAVE/clean_speech_07347.wav
/home/lab9-gpu/PRH/WAVE/WAVE/clean_speech_00103.wav
/home/lab9-gpu/PRH/WAVE/WAVE/clean_speech_09436.wav
/home/lab9-gpu/PRH/WAVE/WAVE/clean_speech_05984.wav
/home/lab9-gpu/PRH/WAVE/WAVE/clean_speech_03464.wav
/home/lab9-gpu/PRH/WAVE/WAVE/clean_speech_00300.wav
/home/lab9-gpu/PRH/WAVE/WAVE/clean_speech_08271.wav
/home/lab9-gpu/PRH/WAVE/WAVE/clean_speech_08221.wav
/home/lab9-gpu/PRH/WAVE/WAVE/clean_speech_08186.wav
/home/lab9-gpu/PRH/WAVE/WAVE/clean_speech_07301.wav
/home/lab9-gpu/PRH/WAVE/WAVE/clean_speech_00155.wav
/home/lab9-gpu/PRH/WAVE/WAVE/clean_speech_01123.wav
/home/lab9-gpu/PRH/WAVE/WAVE/clean_speech_06578.wav
/home/lab9-gpu/PRH/WAVE/WAVE/clean_speech_09377.wav
/home/lab9-gpu/PRH/WAVE/WAVE/clean_speech_08836.wav
/home/lab9-gpu/PRH/WAVE/WAVE/clean_speech_02811.wav
/home/lab9-gpu/PRH/WAVE/WAVE/clean_speech_06857.wav
/home/lab9-gpu/PRH/WAVE/WAVE/clean_speech_00269.wav
/home/lab9-gpu/PRH/WAVE/WAVE/clean_speech_04786.wav
/home/lab9-gpu/PRH/WAVE/WAVE/clean_speech_00266.wav
/home/lab9-gpu/PRH/WAVE/WAVE/clean_speech_06281.wav
/home/lab9-gpu/PRH/WAVE/WAVE/clean_speech_07962.wav
/home/lab9-gpu/PRH/WAVE/WAVE/clean_speech_01253.wav
/home/lab9-gpu/PRH/WAVE/WAVE/clean_speech_03348.wav
/home/lab9-gpu/PRH/WAVE/WAVE/clean_speech_04906.wav
/home/lab9-gpu/PRH/WAVE/WAVE/clean_speech_09438.wav
/home/lab9-gpu/PRH/WAVE/WAVE/clean_speech_09403.wav
/home/lab9-gpu/PRH/WAVE/WAVE/clean_speech_02357.wav
/home/lab9-gpu/PRH/WAVE/WAVE/clean_speech_04329.wav
/home/lab9-gpu/PRH/WAVE/WAVE/clean_speech_01327.wav
/home/lab9-gpu/PRH/WAVE/WAVE/clean_speech_04346.wav
/home/lab9-gpu/PRH/WAVE/WAVE/clean_speech_06744.wav
/home/lab9-gpu/PRH/WAVE/WAVE/clean_speech_01272.wav
/home/lab9-gpu/PRH/WAVE/WAVE/clean_speech_07212.wav
/home/lab9-gpu/PRH/WAVE/WAVE/clean_speech_05476.wav
/home/lab9-gpu/PRH/WAVE/WAVE/clean_speech_01018.wav
/home/lab9-gpu/PRH/WAVE/WAVE/clean_speech_04792.wav
/home/lab9-gpu/PRH/WAVE/WAVE/clean_speech_03825.wav
/home/lab9-gpu/PRH/WAVE/WAVE/clean_speech_06508.wav
/home/lab9-gpu/PRH/WAVE/WAVE/clean_speech_01232.wav
/home/lab9-gpu/PRH/WAVE/WAVE/clean_speech_00954.wav
/home/lab9-gpu/PRH/WAVE/WAVE/clean_speech_07166.wav
/home/lab9-gpu/PRH/WAVE/WAVE/clean_speech_00105.wav
/home/lab9-gpu/PRH/WAVE/WAVE/clean_speech_07716.wav
/home/lab9-gpu/PRH/WAVE/WAVE/clean_speech_05407.wav
/home/lab9-gpu/PRH/WAVE/WAVE/clean_speech_04987.wav
/home/lab9-gpu/PRH/WAVE/WAVE/clean_speech_05541.wav
/home/lab9-gpu/PRH/WAVE/WAVE/clean_speech_00189.wav
/home/lab9-gpu/PRH/WAVE/WAVE/clean_speech_00578.wav
/home/lab9-gpu/PRH/WAVE/WAVE/clean_speech_00328.wav
/home/lab9-gpu/PRH/WAVE/WAVE/clean_speech_02662.wav
/home/lab9-gpu/PRH/WAVE/WAVE/clean_speech_06690.wav
/home/lab9-gpu/PRH/WAVE/WAVE/clean_speech_08946.wav
/home/lab9-gpu/PRH/WAVE/WAVE/clean_speech_09331.wav
/home/lab9-gpu/PRH/WAVE/WAVE/clean_speech_02796.wav
/home/lab9-gpu/PRH/WAVE/WAVE/clean_speech_00456.wav
/home/lab9-gpu/PRH/WAVE/WAVE/clean_speech_06605.wav
/home/lab9-gpu/PRH/WAVE/WAVE/clean_speech_02364.wav
/home/lab9-gpu/PRH/WAVE/WAVE/clean_speech_09299.wav
/home/lab9-gpu/PRH/WAVE/WAVE/clean_speech_01979.wav
/home/lab9-gpu/PRH/WAVE/WAVE/clean_speech_04701.wav
/home/lab9-gpu/PRH/WAVE/WAVE/clean_speech_05154.wav
/home/lab9-gpu/PRH/WAVE/WAVE/clean_speech_01110.wav
/home/lab9-gpu/PRH/WAVE/WAVE/clean_speech_06859.wav
/home/lab9-gpu/PRH/WAVE/WAVE/clean_speech_08584.wav
/home/lab9-gpu/PRH/WAVE/WAVE/clean_speech_03341.wav
/home/lab9-gpu/PRH/WAVE/WAVE/clean_speech_06087.wav
/home/lab9-gpu/PRH/WAVE/WAVE/clean_speech_06127.wav
/home/lab9-gpu/PRH/WAVE/WAVE/clean_speech_02632.wav
/home/lab9-gpu/PRH/WAVE/WAVE/clean_speech_09513.wav
/home/lab9-gpu/PRH/WAVE/WAVE/clean_speech_00057.wav
/home/lab9-gpu/PRH/WAVE/WAVE/clean_speech_02308.wav
/home/lab9-gpu/PRH/WAVE/WAVE/clean_speech_03509.wav
/home/lab9-gpu/PRH/WAVE/WAVE/clean_speech_07183.wav
/home/lab9-gpu/PRH/WAVE/WAVE/clean_speech_07721.wav
/home/lab9-gpu/PRH/WAVE/WAVE/clean_speech_01314.wav
/home/lab9-gpu/PRH/WAVE/WAVE/clean_speech_06458.wav
/home/lab9-gpu/PRH/WAVE/WAVE/clean_speech_04208.wav
/home/lab9-gpu/PRH/WAVE/WAVE/clean_speech_01918.wav
/home/lab9-gpu/PRH/WAVE/WAVE/clean_speech_04425.wav
/home/lab9-gpu/PRH/WAVE/WAVE/clean_speech_03587.wav
/home/lab9-gpu/PRH/WAVE/WAVE/clean_speech_01594.wav