/home/lab9-gpu/PRH/NOISES/NOISES/noise_speech_00571.wav
/home/lab9-gpu/PRH/NOISES/NOISES/noise_speech_00629.wav
/home/lab9-gpu/PRH/NOISES/NOISES/noise_speech_00451.wav
/home/lab9-gpu/PRH/NOISES/NOISES/noise_speech_00069.wav
/home/lab9-gpu/PRH/NOISES/NOISES/noise_speech_00044.wav
/home/lab9-gpu/PRH/NOISES/NOISES/noise_speech_00671.wav
/home/lab9-gpu/PRH/NOISES/NOISES/noise_speech_00895.wav
/home/lab9-gpu/PRH/NOISES/NOISES/noise_speech_00375.wav
/home/lab9-gpu/PRH/NOISES/NOISES/noise_speech_00424.wav
/home/lab9-gpu/PRH/NOISES/NOISES/noise_speech_00845.wav
/home/lab9-gpu/PRH/NOISES/NOISES/noise_speech_00178.wav
/home/lab9-gpu/PRH/NOISES/NOISES/noise_speech_00317.wav
/home/lab9-gpu/PRH/NOISES/NOISES/noise_speech_00269.wav
/home/lab9-gpu/PRH/NOISES/NOISES/noise_speech_00952.wav
/home/lab9-gpu/PRH/NOISES/NOISES/noise_speech_00264.wav
/home/lab9-gpu/PRH/NOISES/NOISES/noise_speech_00799.wav
/home/lab9-gpu/PRH/NOISES/NOISES/noise_speech_00192.wav
/home/lab9-gpu/PRH/NOISES/NOISES/noise_speech_00479.wav
/home/lab9-gpu/PRH/NOISES/NOISES/noise_speech_00521.wav
/home/lab9-gpu/PRH/NOISES/NOISES/noise_speech_00183.wav