G:\Datasets\Segmentation\NOISES\noise_speech_00001.wav
G:\Datasets\Segmentation\NOISES\noise_speech_00002.wav
G:\Datasets\Segmentation\NOISES\noise_speech_00003.wav
G:\Datasets\Segmentation\NOISES\noise_speech_00004.wav
G:\Datasets\Segmentation\NOISES\noise_speech_00005.wav
G:\Datasets\Segmentation\NOISES\noise_speech_00006.wav
G:\Datasets\Segmentation\NOISES\noise_speech_00007.wav
G:\Datasets\Segmentation\NOISES\noise_speech_00008.wav
G:\Datasets\Segmentation\NOISES\noise_speech_00009.wav
G:\Datasets\Segmentation\NOISES\noise_speech_00010.wav
G:\Datasets\Segmentation\NOISES\noise_speech_00011.wav
G:\Datasets\Segmentation\NOISES\noise_speech_00012.wav
G:\Datasets\Segmentation\NOISES\noise_speech_00013.wav
G:\Datasets\Segmentation\NOISES\noise_speech_00014.wav
G:\Datasets\Segmentation\NOISES\noise_speech_00015.wav
G:\Datasets\Segmentation\NOISES\noise_speech_00016.wav
G:\Datasets\Segmentation\NOISES\noise_speech_00017.wav
G:\Datasets\Segmentation\NOISES\noise_speech_00018.wav
G:\Datasets\Segmentation\NOISES\noise_speech_00019.wav
G:\Datasets\Segmentation\NOISES\noise_speech_00020.wav
G:\Datasets\Segmentation\NOISES\noise_speech_00021.wav
G:\Datasets\Segmentation\NOISES\noise_speech_00022.wav
G:\Datasets\Segmentation\NOISES\noise_speech_00023.wav
G:\Datasets\Segmentation\NOISES\noise_speech_00024.wav
G:\Datasets\Segmentation\NOISES\noise_speech_00025.wav
G:\Datasets\Segmentation\NOISES\noise_speech_00026.wav
G:\Datasets\Segmentation\NOISES\noise_speech_00027.wav
G:\Datasets\Segmentation\NOISES\noise_speech_00028.wav
G:\Datasets\Segmentation\NOISES\noise_speech_00029.wav
G:\Datasets\Segmentation\NOISES\noise_speech_00030.wav
G:\Datasets\Segmentation\NOISES\noise_speech_00031.wav
G:\Datasets\Segmentation\NOISES\noise_speech_00032.wav
G:\Datasets\Segmentation\NOISES\noise_speech_00033.wav
G:\Datasets\Segmentation\NOISES\noise_speech_00034.wav
G:\Datasets\Segmentation\NOISES\noise_speech_00035.wav
G:\Datasets\Segmentation\NOISES\noise_speech_00036.wav
G:\Datasets\Segmentation\NOISES\noise_speech_00037.wav
G:\Datasets\Segmentation\NOISES\noise_speech_00038.wav
G:\Datasets\Segmentation\NOISES\noise_speech_00039.wav
G:\Datasets\Segmentation\NOISES\noise_speech_00040.wav
G:\Datasets\Segmentation\NOISES\noise_speech_00041.wav
G:\Datasets\Segmentation\NOISES\noise_speech_00042.wav
G:\Datasets\Segmentation\NOISES\noise_speech_00043.wav
G:\Datasets\Segmentation\NOISES\noise_speech_00044.wav
G:\Datasets\Segmentation\NOISES\noise_speech_00045.wav
G:\Datasets\Segmentation\NOISES\noise_speech_00046.wav
G:\Datasets\Segmentation\NOISES\noise_speech_00047.wav
G:\Datasets\Segmentation\NOISES\noise_speech_00048.wav
G:\Datasets\Segmentation\NOISES\noise_speech_00049.wav
G:\Datasets\Segmentation\NOISES\noise_speech_00050.wav
G:\Datasets\Segmentation\NOISES\noise_speech_00051.wav
G:\Datasets\Segmentation\NOISES\noise_speech_00052.wav
G:\Datasets\Segmentation\NOISES\noise_speech_00053.wav
G:\Datasets\Segmentation\NOISES\noise_speech_00054.wav
G:\Datasets\Segmentation\NOISES\noise_speech_00055.wav
G:\Datasets\Segmentation\NOISES\noise_speech_00056.wav
G:\Datasets\Segmentation\NOISES\noise_speech_00057.wav
G:\Datasets\Segmentation\NOISES\noise_speech_00058.wav
G:\Datasets\Segmentation\NOISES\noise_speech_00059.wav
G:\Datasets\Segmentation\NOISES\noise_speech_00060.wav
G:\Datasets\Segmentation\NOISES\noise_speech_00061.wav
G:\Datasets\Segmentation\NOISES\noise_speech_00062.wav
G:\Datasets\Segmentation\NOISES\noise_speech_00063.wav
G:\Datasets\Segmentation\NOISES\noise_speech_00064.wav
G:\Datasets\Segmentation\NOISES\noise_speech_00065.wav
G:\Datasets\Segmentation\NOISES\noise_speech_00066.wav
G:\Datasets\Segmentation\NOISES\noise_speech_00067.wav
G:\Datasets\Segmentation\NOISES\noise_speech_00068.wav
G:\Datasets\Segmentation\NOISES\noise_speech_00069.wav
G:\Datasets\Segmentation\NOISES\noise_speech_00070.wav
G:\Datasets\Segmentation\NOISES\noise_speech_00071.wav
G:\Datasets\Segmentation\NOISES\noise_speech_00072.wav
G:\Datasets\Segmentation\NOISES\noise_speech_00073.wav
G:\Datasets\Segmentation\NOISES\noise_speech_00074.wav
G:\Datasets\Segmentation\NOISES\noise_speech_00075.wav
G:\Datasets\Segmentation\NOISES\noise_speech_00076.wav
G:\Datasets\Segmentation\NOISES\noise_speech_00077.wav
G:\Datasets\Segmentation\NOISES\noise_speech_00078.wav
G:\Datasets\Segmentation\NOISES\noise_speech_00079.wav
G:\Datasets\Segmentation\NOISES\noise_speech_00080.wav
G:\Datasets\Segmentation\NOISES\noise_speech_00081.wav
G:\Datasets\Segmentation\NOISES\noise_speech_00082.wav
G:\Datasets\Segmentation\NOISES\noise_speech_00083.wav
G:\Datasets\Segmentation\NOISES\noise_speech_00084.wav
G:\Datasets\Segmentation\NOISES\noise_speech_00085.wav
G:\Datasets\Segmentation\NOISES\noise_speech_00086.wav
G:\Datasets\Segmentation\NOISES\noise_speech_00087.wav
G:\Datasets\Segmentation\NOISES\noise_speech_00088.wav
G:\Datasets\Segmentation\NOISES\noise_speech_00089.wav
G:\Datasets\Segmentation\NOISES\noise_speech_00090.wav
G:\Datasets\Segmentation\NOISES\noise_speech_00091.wav
G:\Datasets\Segmentation\NOISES\noise_speech_00092.wav
G:\Datasets\Segmentation\NOISES\noise_speech_00093.wav
G:\Datasets\Segmentation\NOISES\noise_speech_00094.wav
G:\Datasets\Segmentation\NOISES\noise_speech_00095.wav
G:\Datasets\Segmentation\NOISES\noise_speech_00096.wav
G:\Datasets\Segmentation\NOISES\noise_speech_00097.wav
G:\Datasets\Segmentation\NOISES\noise_speech_00098.wav
G:\Datasets\Segmentation\NOISES\noise_speech_00099.wav
G:\Datasets\Segmentation\NOISES\noise_speech_00100.wav
G:\Datasets\Segmentation\NOISES\noise_speech_00101.wav
G:\Datasets\Segmentation\NOISES\noise_speech_00102.wav
G:\Datasets\Segmentation\NOISES\noise_speech_00103.wav
G:\Datasets\Segmentation\NOISES\noise_speech_00104.wav
G:\Datasets\Segmentation\NOISES\noise_speech_00105.wav
G:\Datasets\Segmentation\NOISES\noise_speech_00106.wav
G:\Datasets\Segmentation\NOISES\noise_speech_00107.wav
G:\Datasets\Segmentation\NOISES\noise_speech_00108.wav
G:\Datasets\Segmentation\NOISES\noise_speech_00109.wav
G:\Datasets\Segmentation\NOISES\noise_speech_00110.wav
G:\Datasets\Segmentation\NOISES\noise_speech_00111.wav
G:\Datasets\Segmentation\NOISES\noise_speech_00112.wav
G:\Datasets\Segmentation\NOISES\noise_speech_00113.wav
G:\Datasets\Segmentation\NOISES\noise_speech_00114.wav
G:\Datasets\Segmentation\NOISES\noise_speech_00115.wav
G:\Datasets\Segmentation\NOISES\noise_speech_00116.wav
G:\Datasets\Segmentation\NOISES\noise_speech_00117.wav
G:\Datasets\Segmentation\NOISES\noise_speech_00118.wav
G:\Datasets\Segmentation\NOISES\noise_speech_00119.wav
G:\Datasets\Segmentation\NOISES\noise_speech_00120.wav
G:\Datasets\Segmentation\NOISES\noise_speech_00121.wav
G:\Datasets\Segmentation\NOISES\noise_speech_00122.wav
G:\Datasets\Segmentation\NOISES\noise_speech_00123.wav
G:\Datasets\Segmentation\NOISES\noise_speech_00124.wav
G:\Datasets\Segmentation\NOISES\noise_speech_00125.wav
G:\Datasets\Segmentation\NOISES\noise_speech_00126.wav
G:\Datasets\Segmentation\NOISES\noise_speech_00127.wav
G:\Datasets\Segmentation\NOISES\noise_speech_00128.wav
G:\Datasets\Segmentation\NOISES\noise_speech_00129.wav
G:\Datasets\Segmentation\NOISES\noise_speech_00130.wav
G:\Datasets\Segmentation\NOISES\noise_speech_00131.wav
G:\Datasets\Segmentation\NOISES\noise_speech_00132.wav
G:\Datasets\Segmentation\NOISES\noise_speech_00133.wav
G:\Datasets\Segmentation\NOISES\noise_speech_00134.wav
G:\Datasets\Segmentation\NOISES\noise_speech_00135.wav
G:\Datasets\Segmentation\NOISES\noise_speech_00136.wav
G:\Datasets\Segmentation\NOISES\noise_speech_00137.wav
G:\Datasets\Segmentation\NOISES\noise_speech_00138.wav
G:\Datasets\Segmentation\NOISES\noise_speech_00139.wav
G:\Datasets\Segmentation\NOISES\noise_speech_00140.wav
G:\Datasets\Segmentation\NOISES\noise_speech_00141.wav
G:\Datasets\Segmentation\NOISES\noise_speech_00142.wav
G:\Datasets\Segmentation\NOISES\noise_speech_00143.wav
G:\Datasets\Segmentation\NOISES\noise_speech_00144.wav
G:\Datasets\Segmentation\NOISES\noise_speech_00145.wav
G:\Datasets\Segmentation\NOISES\noise_speech_00146.wav
G:\Datasets\Segmentation\NOISES\noise_speech_00147.wav
G:\Datasets\Segmentation\NOISES\noise_speech_00148.wav
G:\Datasets\Segmentation\NOISES\noise_speech_00149.wav
G:\Datasets\Segmentation\NOISES\noise_speech_00150.wav
G:\Datasets\Segmentation\NOISES\noise_speech_00151.wav
G:\Datasets\Segmentation\NOISES\noise_speech_00152.wav
G:\Datasets\Segmentation\NOISES\noise_speech_00153.wav
G:\Datasets\Segmentation\NOISES\noise_speech_00154.wav
G:\Datasets\Segmentation\NOISES\noise_speech_00155.wav
G:\Datasets\Segmentation\NOISES\noise_speech_00156.wav
G:\Datasets\Segmentation\NOISES\noise_speech_00157.wav
G:\Datasets\Segmentation\NOISES\noise_speech_00158.wav
G:\Datasets\Segmentation\NOISES\noise_speech_00159.wav
G:\Datasets\Segmentation\NOISES\noise_speech_00160.wav
G:\Datasets\Segmentation\NOISES\noise_speech_00161.wav
G:\Datasets\Segmentation\NOISES\noise_speech_00162.wav
G:\Datasets\Segmentation\NOISES\noise_speech_00163.wav
G:\Datasets\Segmentation\NOISES\noise_speech_00164.wav
G:\Datasets\Segmentation\NOISES\noise_speech_00165.wav
G:\Datasets\Segmentation\NOISES\noise_speech_00166.wav
G:\Datasets\Segmentation\NOISES\noise_speech_00167.wav
G:\Datasets\Segmentation\NOISES\noise_speech_00168.wav
G:\Datasets\Segmentation\NOISES\noise_speech_00169.wav
G:\Datasets\Segmentation\NOISES\noise_speech_00170.wav
G:\Datasets\Segmentation\NOISES\noise_speech_00171.wav
G:\Datasets\Segmentation\NOISES\noise_speech_00172.wav
G:\Datasets\Segmentation\NOISES\noise_speech_00173.wav
G:\Datasets\Segmentation\NOISES\noise_speech_00174.wav
G:\Datasets\Segmentation\NOISES\noise_speech_00175.wav
G:\Datasets\Segmentation\NOISES\noise_speech_00176.wav
G:\Datasets\Segmentation\NOISES\noise_speech_00177.wav
G:\Datasets\Segmentation\NOISES\noise_speech_00178.wav
G:\Datasets\Segmentation\NOISES\noise_speech_00179.wav
G:\Datasets\Segmentation\NOISES\noise_speech_00180.wav
G:\Datasets\Segmentation\NOISES\noise_speech_00181.wav
G:\Datasets\Segmentation\NOISES\noise_speech_00182.wav
G:\Datasets\Segmentation\NOISES\noise_speech_00183.wav
G:\Datasets\Segmentation\NOISES\noise_speech_00184.wav
G:\Datasets\Segmentation\NOISES\noise_speech_00185.wav
G:\Datasets\Segmentation\NOISES\noise_speech_00186.wav
G:\Datasets\Segmentation\NOISES\noise_speech_00187.wav
G:\Datasets\Segmentation\NOISES\noise_speech_00188.wav
G:\Datasets\Segmentation\NOISES\noise_speech_00189.wav
G:\Datasets\Segmentation\NOISES\noise_speech_00190.wav
G:\Datasets\Segmentation\NOISES\noise_speech_00191.wav
G:\Datasets\Segmentation\NOISES\noise_speech_00192.wav
G:\Datasets\Segmentation\NOISES\noise_speech_00193.wav
G:\Datasets\Segmentation\NOISES\noise_speech_00194.wav
G:\Datasets\Segmentation\NOISES\noise_speech_00195.wav
G:\Datasets\Segmentation\NOISES\noise_speech_00196.wav
G:\Datasets\Segmentation\NOISES\noise_speech_00197.wav
G:\Datasets\Segmentation\NOISES\noise_speech_00198.wav
G:\Datasets\Segmentation\NOISES\noise_speech_00199.wav
G:\Datasets\Segmentation\NOISES\noise_speech_00200.wav
G:\Datasets\Segmentation\NOISES\noise_speech_00201.wav
G:\Datasets\Segmentation\NOISES\noise_speech_00202.wav
G:\Datasets\Segmentation\NOISES\noise_speech_00203.wav
G:\Datasets\Segmentation\NOISES\noise_speech_00204.wav
G:\Datasets\Segmentation\NOISES\noise_speech_00205.wav
G:\Datasets\Segmentation\NOISES\noise_speech_00206.wav
G:\Datasets\Segmentation\NOISES\noise_speech_00207.wav
G:\Datasets\Segmentation\NOISES\noise_speech_00208.wav
G:\Datasets\Segmentation\NOISES\noise_speech_00209.wav
G:\Datasets\Segmentation\NOISES\noise_speech_00210.wav
G:\Datasets\Segmentation\NOISES\noise_speech_00211.wav
G:\Datasets\Segmentation\NOISES\noise_speech_00212.wav
G:\Datasets\Segmentation\NOISES\noise_speech_00213.wav
G:\Datasets\Segmentation\NOISES\noise_speech_00214.wav
G:\Datasets\Segmentation\NOISES\noise_speech_00215.wav
G:\Datasets\Segmentation\NOISES\noise_speech_00216.wav
G:\Datasets\Segmentation\NOISES\noise_speech_00217.wav
G:\Datasets\Segmentation\NOISES\noise_speech_00218.wav
G:\Datasets\Segmentation\NOISES\noise_speech_00219.wav
G:\Datasets\Segmentation\NOISES\noise_speech_00220.wav
G:\Datasets\Segmentation\NOISES\noise_speech_00221.wav
G:\Datasets\Segmentation\NOISES\noise_speech_00222.wav
G:\Datasets\Segmentation\NOISES\noise_speech_00223.wav
G:\Datasets\Segmentation\NOISES\noise_speech_00224.wav
G:\Datasets\Segmentation\NOISES\noise_speech_00225.wav
G:\Datasets\Segmentation\NOISES\noise_speech_00226.wav
G:\Datasets\Segmentation\NOISES\noise_speech_00227.wav
G:\Datasets\Segmentation\NOISES\noise_speech_00228.wav
G:\Datasets\Segmentation\NOISES\noise_speech_00229.wav
G:\Datasets\Segmentation\NOISES\noise_speech_00230.wav
G:\Datasets\Segmentation\NOISES\noise_speech_00231.wav
G:\Datasets\Segmentation\NOISES\noise_speech_00232.wav
G:\Datasets\Segmentation\NOISES\noise_speech_00233.wav
G:\Datasets\Segmentation\NOISES\noise_speech_00234.wav
G:\Datasets\Segmentation\NOISES\noise_speech_00235.wav
G:\Datasets\Segmentation\NOISES\noise_speech_00236.wav
G:\Datasets\Segmentation\NOISES\noise_speech_00237.wav
G:\Datasets\Segmentation\NOISES\noise_speech_00238.wav
G:\Datasets\Segmentation\NOISES\noise_speech_00239.wav
G:\Datasets\Segmentation\NOISES\noise_speech_00240.wav
G:\Datasets\Segmentation\NOISES\noise_speech_00241.wav
G:\Datasets\Segmentation\NOISES\noise_speech_00242.wav
G:\Datasets\Segmentation\NOISES\noise_speech_00243.wav
G:\Datasets\Segmentation\NOISES\noise_speech_00244.wav
G:\Datasets\Segmentation\NOISES\noise_speech_00245.wav
G:\Datasets\Segmentation\NOISES\noise_speech_00246.wav
G:\Datasets\Segmentation\NOISES\noise_speech_00247.wav
G:\Datasets\Segmentation\NOISES\noise_speech_00248.wav
G:\Datasets\Segmentation\NOISES\noise_speech_00249.wav
G:\Datasets\Segmentation\NOISES\noise_speech_00250.wav
G:\Datasets\Segmentation\NOISES\noise_speech_00251.wav
G:\Datasets\Segmentation\NOISES\noise_speech_00252.wav
G:\Datasets\Segmentation\NOISES\noise_speech_00253.wav
G:\Datasets\Segmentation\NOISES\noise_speech_00254.wav
G:\Datasets\Segmentation\NOISES\noise_speech_00255.wav
G:\Datasets\Segmentation\NOISES\noise_speech_00256.wav
G:\Datasets\Segmentation\NOISES\noise_speech_00257.wav
G:\Datasets\Segmentation\NOISES\noise_speech_00258.wav
G:\Datasets\Segmentation\NOISES\noise_speech_00259.wav
G:\Datasets\Segmentation\NOISES\noise_speech_00260.wav
G:\Datasets\Segmentation\NOISES\noise_speech_00261.wav
G:\Datasets\Segmentation\NOISES\noise_speech_00262.wav
G:\Datasets\Segmentation\NOISES\noise_speech_00263.wav
G:\Datasets\Segmentation\NOISES\noise_speech_00264.wav
G:\Datasets\Segmentation\NOISES\noise_speech_00265.wav
G:\Datasets\Segmentation\NOISES\noise_speech_00266.wav
G:\Datasets\Segmentation\NOISES\noise_speech_00267.wav
G:\Datasets\Segmentation\NOISES\noise_speech_00268.wav
G:\Datasets\Segmentation\NOISES\noise_speech_00269.wav
G:\Datasets\Segmentation\NOISES\noise_speech_00270.wav
G:\Datasets\Segmentation\NOISES\noise_speech_00271.wav
G:\Datasets\Segmentation\NOISES\noise_speech_00272.wav
G:\Datasets\Segmentation\NOISES\noise_speech_00273.wav
G:\Datasets\Segmentation\NOISES\noise_speech_00274.wav
G:\Datasets\Segmentation\NOISES\noise_speech_00275.wav
G:\Datasets\Segmentation\NOISES\noise_speech_00276.wav
G:\Datasets\Segmentation\NOISES\noise_speech_00277.wav
G:\Datasets\Segmentation\NOISES\noise_speech_00278.wav
G:\Datasets\Segmentation\NOISES\noise_speech_00279.wav
G:\Datasets\Segmentation\NOISES\noise_speech_00280.wav
G:\Datasets\Segmentation\NOISES\noise_speech_00281.wav
G:\Datasets\Segmentation\NOISES\noise_speech_00282.wav
G:\Datasets\Segmentation\NOISES\noise_speech_00283.wav
G:\Datasets\Segmentation\NOISES\noise_speech_00284.wav
G:\Datasets\Segmentation\NOISES\noise_speech_00285.wav
G:\Datasets\Segmentation\NOISES\noise_speech_00286.wav
G:\Datasets\Segmentation\NOISES\noise_speech_00287.wav
G:\Datasets\Segmentation\NOISES\noise_speech_00288.wav
G:\Datasets\Segmentation\NOISES\noise_speech_00289.wav
G:\Datasets\Segmentation\NOISES\noise_speech_00290.wav
G:\Datasets\Segmentation\NOISES\noise_speech_00291.wav
G:\Datasets\Segmentation\NOISES\noise_speech_00292.wav
G:\Datasets\Segmentation\NOISES\noise_speech_00293.wav
G:\Datasets\Segmentation\NOISES\noise_speech_00294.wav
G:\Datasets\Segmentation\NOISES\noise_speech_00295.wav
G:\Datasets\Segmentation\NOISES\noise_speech_00296.wav
G:\Datasets\Segmentation\NOISES\noise_speech_00297.wav
G:\Datasets\Segmentation\NOISES\noise_speech_00298.wav
G:\Datasets\Segmentation\NOISES\noise_speech_00299.wav
G:\Datasets\Segmentation\NOISES\noise_speech_00300.wav
G:\Datasets\Segmentation\NOISES\noise_speech_00301.wav
G:\Datasets\Segmentation\NOISES\noise_speech_00302.wav
G:\Datasets\Segmentation\NOISES\noise_speech_00303.wav
G:\Datasets\Segmentation\NOISES\noise_speech_00304.wav
G:\Datasets\Segmentation\NOISES\noise_speech_00305.wav
G:\Datasets\Segmentation\NOISES\noise_speech_00306.wav
G:\Datasets\Segmentation\NOISES\noise_speech_00307.wav
G:\Datasets\Segmentation\NOISES\noise_speech_00308.wav
G:\Datasets\Segmentation\NOISES\noise_speech_00309.wav
G:\Datasets\Segmentation\NOISES\noise_speech_00310.wav
G:\Datasets\Segmentation\NOISES\noise_speech_00311.wav
G:\Datasets\Segmentation\NOISES\noise_speech_00312.wav
G:\Datasets\Segmentation\NOISES\noise_speech_00313.wav
G:\Datasets\Segmentation\NOISES\noise_speech_00314.wav
G:\Datasets\Segmentation\NOISES\noise_speech_00315.wav
G:\Datasets\Segmentation\NOISES\noise_speech_00316.wav
G:\Datasets\Segmentation\NOISES\noise_speech_00317.wav
G:\Datasets\Segmentation\NOISES\noise_speech_00318.wav
G:\Datasets\Segmentation\NOISES\noise_speech_00319.wav
G:\Datasets\Segmentation\NOISES\noise_speech_00320.wav
G:\Datasets\Segmentation\NOISES\noise_speech_00321.wav
G:\Datasets\Segmentation\NOISES\noise_speech_00322.wav
G:\Datasets\Segmentation\NOISES\noise_speech_00323.wav
G:\Datasets\Segmentation\NOISES\noise_speech_00324.wav
G:\Datasets\Segmentation\NOISES\noise_speech_00325.wav
G:\Datasets\Segmentation\NOISES\noise_speech_00326.wav
G:\Datasets\Segmentation\NOISES\noise_speech_00327.wav
G:\Datasets\Segmentation\NOISES\noise_speech_00328.wav
G:\Datasets\Segmentation\NOISES\noise_speech_00329.wav
G:\Datasets\Segmentation\NOISES\noise_speech_00330.wav
G:\Datasets\Segmentation\NOISES\noise_speech_00331.wav
G:\Datasets\Segmentation\NOISES\noise_speech_00332.wav
G:\Datasets\Segmentation\NOISES\noise_speech_00333.wav
G:\Datasets\Segmentation\NOISES\noise_speech_00334.wav
G:\Datasets\Segmentation\NOISES\noise_speech_00335.wav
G:\Datasets\Segmentation\NOISES\noise_speech_00336.wav
G:\Datasets\Segmentation\NOISES\noise_speech_00337.wav
G:\Datasets\Segmentation\NOISES\noise_speech_00338.wav
G:\Datasets\Segmentation\NOISES\noise_speech_00339.wav
G:\Datasets\Segmentation\NOISES\noise_speech_00340.wav
G:\Datasets\Segmentation\NOISES\noise_speech_00341.wav
G:\Datasets\Segmentation\NOISES\noise_speech_00342.wav
G:\Datasets\Segmentation\NOISES\noise_speech_00343.wav
G:\Datasets\Segmentation\NOISES\noise_speech_00344.wav
G:\Datasets\Segmentation\NOISES\noise_speech_00345.wav
G:\Datasets\Segmentation\NOISES\noise_speech_00346.wav
G:\Datasets\Segmentation\NOISES\noise_speech_00347.wav
G:\Datasets\Segmentation\NOISES\noise_speech_00348.wav
G:\Datasets\Segmentation\NOISES\noise_speech_00349.wav
G:\Datasets\Segmentation\NOISES\noise_speech_00350.wav
G:\Datasets\Segmentation\NOISES\noise_speech_00351.wav
G:\Datasets\Segmentation\NOISES\noise_speech_00352.wav
G:\Datasets\Segmentation\NOISES\noise_speech_00353.wav
G:\Datasets\Segmentation\NOISES\noise_speech_00354.wav
G:\Datasets\Segmentation\NOISES\noise_speech_00355.wav
G:\Datasets\Segmentation\NOISES\noise_speech_00356.wav
G:\Datasets\Segmentation\NOISES\noise_speech_00357.wav
G:\Datasets\Segmentation\NOISES\noise_speech_00358.wav
G:\Datasets\Segmentation\NOISES\noise_speech_00359.wav
G:\Datasets\Segmentation\NOISES\noise_speech_00360.wav
G:\Datasets\Segmentation\NOISES\noise_speech_00361.wav
G:\Datasets\Segmentation\NOISES\noise_speech_00362.wav
G:\Datasets\Segmentation\NOISES\noise_speech_00363.wav
G:\Datasets\Segmentation\NOISES\noise_speech_00364.wav
G:\Datasets\Segmentation\NOISES\noise_speech_00365.wav
G:\Datasets\Segmentation\NOISES\noise_speech_00366.wav
G:\Datasets\Segmentation\NOISES\noise_speech_00367.wav
G:\Datasets\Segmentation\NOISES\noise_speech_00368.wav
G:\Datasets\Segmentation\NOISES\noise_speech_00369.wav
G:\Datasets\Segmentation\NOISES\noise_speech_00370.wav
G:\Datasets\Segmentation\NOISES\noise_speech_00371.wav
G:\Datasets\Segmentation\NOISES\noise_speech_00372.wav
G:\Datasets\Segmentation\NOISES\noise_speech_00373.wav
G:\Datasets\Segmentation\NOISES\noise_speech_00374.wav
G:\Datasets\Segmentation\NOISES\noise_speech_00375.wav
G:\Datasets\Segmentation\NOISES\noise_speech_00376.wav
G:\Datasets\Segmentation\NOISES\noise_speech_00377.wav
G:\Datasets\Segmentation\NOISES\noise_speech_00378.wav
G:\Datasets\Segmentation\NOISES\noise_speech_00379.wav
G:\Datasets\Segmentation\NOISES\noise_speech_00380.wav
G:\Datasets\Segmentation\NOISES\noise_speech_00381.wav
G:\Datasets\Segmentation\NOISES\noise_speech_00382.wav
G:\Datasets\Segmentation\NOISES\noise_speech_00383.wav
G:\Datasets\Segmentation\NOISES\noise_speech_00384.wav
G:\Datasets\Segmentation\NOISES\noise_speech_00385.wav
G:\Datasets\Segmentation\NOISES\noise_speech_00386.wav
G:\Datasets\Segmentation\NOISES\noise_speech_00387.wav
G:\Datasets\Segmentation\NOISES\noise_speech_00388.wav
G:\Datasets\Segmentation\NOISES\noise_speech_00389.wav
G:\Datasets\Segmentation\NOISES\noise_speech_00390.wav
G:\Datasets\Segmentation\NOISES\noise_speech_00391.wav
G:\Datasets\Segmentation\NOISES\noise_speech_00392.wav
G:\Datasets\Segmentation\NOISES\noise_speech_00393.wav
G:\Datasets\Segmentation\NOISES\noise_speech_00394.wav
G:\Datasets\Segmentation\NOISES\noise_speech_00395.wav
G:\Datasets\Segmentation\NOISES\noise_speech_00396.wav
G:\Datasets\Segmentation\NOISES\noise_speech_00397.wav
G:\Datasets\Segmentation\NOISES\noise_speech_00398.wav
G:\Datasets\Segmentation\NOISES\noise_speech_00399.wav
G:\Datasets\Segmentation\NOISES\noise_speech_00400.wav
G:\Datasets\Segmentation\NOISES\noise_speech_00401.wav
G:\Datasets\Segmentation\NOISES\noise_speech_00402.wav
G:\Datasets\Segmentation\NOISES\noise_speech_00403.wav
G:\Datasets\Segmentation\NOISES\noise_speech_00404.wav
G:\Datasets\Segmentation\NOISES\noise_speech_00405.wav
G:\Datasets\Segmentation\NOISES\noise_speech_00406.wav
G:\Datasets\Segmentation\NOISES\noise_speech_00407.wav
G:\Datasets\Segmentation\NOISES\noise_speech_00408.wav
G:\Datasets\Segmentation\NOISES\noise_speech_00409.wav
G:\Datasets\Segmentation\NOISES\noise_speech_00410.wav
G:\Datasets\Segmentation\NOISES\noise_speech_00411.wav
G:\Datasets\Segmentation\NOISES\noise_speech_00412.wav
G:\Datasets\Segmentation\NOISES\noise_speech_00413.wav
G:\Datasets\Segmentation\NOISES\noise_speech_00414.wav
G:\Datasets\Segmentation\NOISES\noise_speech_00415.wav
G:\Datasets\Segmentation\NOISES\noise_speech_00416.wav
G:\Datasets\Segmentation\NOISES\noise_speech_00417.wav
G:\Datasets\Segmentation\NOISES\noise_speech_00418.wav
G:\Datasets\Segmentation\NOISES\noise_speech_00419.wav
G:\Datasets\Segmentation\NOISES\noise_speech_00420.wav
G:\Datasets\Segmentation\NOISES\noise_speech_00421.wav
G:\Datasets\Segmentation\NOISES\noise_speech_00422.wav
G:\Datasets\Segmentation\NOISES\noise_speech_00423.wav
G:\Datasets\Segmentation\NOISES\noise_speech_00424.wav
G:\Datasets\Segmentation\NOISES\noise_speech_00425.wav
G:\Datasets\Segmentation\NOISES\noise_speech_00426.wav
G:\Datasets\Segmentation\NOISES\noise_speech_00427.wav
G:\Datasets\Segmentation\NOISES\noise_speech_00428.wav
G:\Datasets\Segmentation\NOISES\noise_speech_00429.wav
G:\Datasets\Segmentation\NOISES\noise_speech_00430.wav
G:\Datasets\Segmentation\NOISES\noise_speech_00431.wav
G:\Datasets\Segmentation\NOISES\noise_speech_00432.wav
G:\Datasets\Segmentation\NOISES\noise_speech_00433.wav
G:\Datasets\Segmentation\NOISES\noise_speech_00434.wav
G:\Datasets\Segmentation\NOISES\noise_speech_00435.wav
G:\Datasets\Segmentation\NOISES\noise_speech_00436.wav
G:\Datasets\Segmentation\NOISES\noise_speech_00437.wav
G:\Datasets\Segmentation\NOISES\noise_speech_00438.wav
G:\Datasets\Segmentation\NOISES\noise_speech_00439.wav
G:\Datasets\Segmentation\NOISES\noise_speech_00440.wav
G:\Datasets\Segmentation\NOISES\noise_speech_00441.wav
G:\Datasets\Segmentation\NOISES\noise_speech_00442.wav
G:\Datasets\Segmentation\NOISES\noise_speech_00443.wav
G:\Datasets\Segmentation\NOISES\noise_speech_00444.wav
G:\Datasets\Segmentation\NOISES\noise_speech_00445.wav
G:\Datasets\Segmentation\NOISES\noise_speech_00446.wav
G:\Datasets\Segmentation\NOISES\noise_speech_00447.wav
G:\Datasets\Segmentation\NOISES\noise_speech_00448.wav
G:\Datasets\Segmentation\NOISES\noise_speech_00449.wav
G:\Datasets\Segmentation\NOISES\noise_speech_00450.wav
G:\Datasets\Segmentation\NOISES\noise_speech_00451.wav
G:\Datasets\Segmentation\NOISES\noise_speech_00452.wav
G:\Datasets\Segmentation\NOISES\noise_speech_00453.wav
G:\Datasets\Segmentation\NOISES\noise_speech_00454.wav
G:\Datasets\Segmentation\NOISES\noise_speech_00455.wav
G:\Datasets\Segmentation\NOISES\noise_speech_00456.wav
G:\Datasets\Segmentation\NOISES\noise_speech_00457.wav
G:\Datasets\Segmentation\NOISES\noise_speech_00458.wav
G:\Datasets\Segmentation\NOISES\noise_speech_00459.wav
G:\Datasets\Segmentation\NOISES\noise_speech_00460.wav
G:\Datasets\Segmentation\NOISES\noise_speech_00461.wav
G:\Datasets\Segmentation\NOISES\noise_speech_00462.wav
G:\Datasets\Segmentation\NOISES\noise_speech_00463.wav
G:\Datasets\Segmentation\NOISES\noise_speech_00464.wav
G:\Datasets\Segmentation\NOISES\noise_speech_00465.wav
G:\Datasets\Segmentation\NOISES\noise_speech_00466.wav
G:\Datasets\Segmentation\NOISES\noise_speech_00467.wav
G:\Datasets\Segmentation\NOISES\noise_speech_00468.wav
G:\Datasets\Segmentation\NOISES\noise_speech_00469.wav
G:\Datasets\Segmentation\NOISES\noise_speech_00470.wav
G:\Datasets\Segmentation\NOISES\noise_speech_00471.wav
G:\Datasets\Segmentation\NOISES\noise_speech_00472.wav
G:\Datasets\Segmentation\NOISES\noise_speech_00473.wav
G:\Datasets\Segmentation\NOISES\noise_speech_00474.wav
G:\Datasets\Segmentation\NOISES\noise_speech_00475.wav
G:\Datasets\Segmentation\NOISES\noise_speech_00476.wav
G:\Datasets\Segmentation\NOISES\noise_speech_00477.wav
G:\Datasets\Segmentation\NOISES\noise_speech_00478.wav
G:\Datasets\Segmentation\NOISES\noise_speech_00479.wav
G:\Datasets\Segmentation\NOISES\noise_speech_00480.wav
G:\Datasets\Segmentation\NOISES\noise_speech_00481.wav
G:\Datasets\Segmentation\NOISES\noise_speech_00482.wav
G:\Datasets\Segmentation\NOISES\noise_speech_00483.wav
G:\Datasets\Segmentation\NOISES\noise_speech_00484.wav
G:\Datasets\Segmentation\NOISES\noise_speech_00485.wav
G:\Datasets\Segmentation\NOISES\noise_speech_00486.wav
G:\Datasets\Segmentation\NOISES\noise_speech_00487.wav
G:\Datasets\Segmentation\NOISES\noise_speech_00488.wav
G:\Datasets\Segmentation\NOISES\noise_speech_00489.wav
G:\Datasets\Segmentation\NOISES\noise_speech_00490.wav
G:\Datasets\Segmentation\NOISES\noise_speech_00491.wav
G:\Datasets\Segmentation\NOISES\noise_speech_00492.wav
G:\Datasets\Segmentation\NOISES\noise_speech_00493.wav
G:\Datasets\Segmentation\NOISES\noise_speech_00494.wav
G:\Datasets\Segmentation\NOISES\noise_speech_00495.wav
G:\Datasets\Segmentation\NOISES\noise_speech_00496.wav
G:\Datasets\Segmentation\NOISES\noise_speech_00497.wav
G:\Datasets\Segmentation\NOISES\noise_speech_00498.wav
G:\Datasets\Segmentation\NOISES\noise_speech_00499.wav
G:\Datasets\Segmentation\NOISES\noise_speech_00500.wav
G:\Datasets\Segmentation\NOISES\noise_speech_00501.wav
G:\Datasets\Segmentation\NOISES\noise_speech_00502.wav
G:\Datasets\Segmentation\NOISES\noise_speech_00503.wav
G:\Datasets\Segmentation\NOISES\noise_speech_00504.wav
G:\Datasets\Segmentation\NOISES\noise_speech_00505.wav
G:\Datasets\Segmentation\NOISES\noise_speech_00506.wav
G:\Datasets\Segmentation\NOISES\noise_speech_00507.wav
G:\Datasets\Segmentation\NOISES\noise_speech_00508.wav
G:\Datasets\Segmentation\NOISES\noise_speech_00509.wav
G:\Datasets\Segmentation\NOISES\noise_speech_00510.wav
G:\Datasets\Segmentation\NOISES\noise_speech_00511.wav
G:\Datasets\Segmentation\NOISES\noise_speech_00512.wav
G:\Datasets\Segmentation\NOISES\noise_speech_00513.wav
G:\Datasets\Segmentation\NOISES\noise_speech_00514.wav
G:\Datasets\Segmentation\NOISES\noise_speech_00515.wav
G:\Datasets\Segmentation\NOISES\noise_speech_00516.wav
G:\Datasets\Segmentation\NOISES\noise_speech_00517.wav
G:\Datasets\Segmentation\NOISES\noise_speech_00518.wav
G:\Datasets\Segmentation\NOISES\noise_speech_00519.wav
G:\Datasets\Segmentation\NOISES\noise_speech_00520.wav
G:\Datasets\Segmentation\NOISES\noise_speech_00521.wav
G:\Datasets\Segmentation\NOISES\noise_speech_00522.wav
G:\Datasets\Segmentation\NOISES\noise_speech_00523.wav
G:\Datasets\Segmentation\NOISES\noise_speech_00524.wav
G:\Datasets\Segmentation\NOISES\noise_speech_00525.wav
G:\Datasets\Segmentation\NOISES\noise_speech_00526.wav
G:\Datasets\Segmentation\NOISES\noise_speech_00527.wav
G:\Datasets\Segmentation\NOISES\noise_speech_00528.wav
G:\Datasets\Segmentation\NOISES\noise_speech_00529.wav
G:\Datasets\Segmentation\NOISES\noise_speech_00530.wav
G:\Datasets\Segmentation\NOISES\noise_speech_00531.wav
G:\Datasets\Segmentation\NOISES\noise_speech_00532.wav
G:\Datasets\Segmentation\NOISES\noise_speech_00533.wav
G:\Datasets\Segmentation\NOISES\noise_speech_00534.wav
G:\Datasets\Segmentation\NOISES\noise_speech_00535.wav
G:\Datasets\Segmentation\NOISES\noise_speech_00536.wav
G:\Datasets\Segmentation\NOISES\noise_speech_00537.wav
G:\Datasets\Segmentation\NOISES\noise_speech_00538.wav
G:\Datasets\Segmentation\NOISES\noise_speech_00539.wav
G:\Datasets\Segmentation\NOISES\noise_speech_00540.wav
G:\Datasets\Segmentation\NOISES\noise_speech_00541.wav
G:\Datasets\Segmentation\NOISES\noise_speech_00542.wav
G:\Datasets\Segmentation\NOISES\noise_speech_00543.wav
G:\Datasets\Segmentation\NOISES\noise_speech_00544.wav
G:\Datasets\Segmentation\NOISES\noise_speech_00545.wav
G:\Datasets\Segmentation\NOISES\noise_speech_00546.wav
G:\Datasets\Segmentation\NOISES\noise_speech_00547.wav
G:\Datasets\Segmentation\NOISES\noise_speech_00548.wav
G:\Datasets\Segmentation\NOISES\noise_speech_00549.wav
G:\Datasets\Segmentation\NOISES\noise_speech_00550.wav
G:\Datasets\Segmentation\NOISES\noise_speech_00551.wav
G:\Datasets\Segmentation\NOISES\noise_speech_00552.wav
G:\Datasets\Segmentation\NOISES\noise_speech_00553.wav
G:\Datasets\Segmentation\NOISES\noise_speech_00554.wav
G:\Datasets\Segmentation\NOISES\noise_speech_00555.wav
G:\Datasets\Segmentation\NOISES\noise_speech_00556.wav
G:\Datasets\Segmentation\NOISES\noise_speech_00557.wav
G:\Datasets\Segmentation\NOISES\noise_speech_00558.wav
G:\Datasets\Segmentation\NOISES\noise_speech_00559.wav
G:\Datasets\Segmentation\NOISES\noise_speech_00560.wav
G:\Datasets\Segmentation\NOISES\noise_speech_00561.wav
G:\Datasets\Segmentation\NOISES\noise_speech_00562.wav
G:\Datasets\Segmentation\NOISES\noise_speech_00563.wav
G:\Datasets\Segmentation\NOISES\noise_speech_00564.wav
G:\Datasets\Segmentation\NOISES\noise_speech_00565.wav
G:\Datasets\Segmentation\NOISES\noise_speech_00566.wav
G:\Datasets\Segmentation\NOISES\noise_speech_00567.wav
G:\Datasets\Segmentation\NOISES\noise_speech_00568.wav
G:\Datasets\Segmentation\NOISES\noise_speech_00569.wav
G:\Datasets\Segmentation\NOISES\noise_speech_00570.wav
G:\Datasets\Segmentation\NOISES\noise_speech_00571.wav
G:\Datasets\Segmentation\NOISES\noise_speech_00572.wav
G:\Datasets\Segmentation\NOISES\noise_speech_00573.wav
G:\Datasets\Segmentation\NOISES\noise_speech_00574.wav
G:\Datasets\Segmentation\NOISES\noise_speech_00575.wav
G:\Datasets\Segmentation\NOISES\noise_speech_00576.wav
G:\Datasets\Segmentation\NOISES\noise_speech_00577.wav
G:\Datasets\Segmentation\NOISES\noise_speech_00578.wav
G:\Datasets\Segmentation\NOISES\noise_speech_00579.wav
G:\Datasets\Segmentation\NOISES\noise_speech_00580.wav
G:\Datasets\Segmentation\NOISES\noise_speech_00581.wav
G:\Datasets\Segmentation\NOISES\noise_speech_00582.wav
G:\Datasets\Segmentation\NOISES\noise_speech_00583.wav
G:\Datasets\Segmentation\NOISES\noise_speech_00584.wav
G:\Datasets\Segmentation\NOISES\noise_speech_00585.wav
G:\Datasets\Segmentation\NOISES\noise_speech_00586.wav
G:\Datasets\Segmentation\NOISES\noise_speech_00587.wav
G:\Datasets\Segmentation\NOISES\noise_speech_00588.wav
G:\Datasets\Segmentation\NOISES\noise_speech_00589.wav
G:\Datasets\Segmentation\NOISES\noise_speech_00590.wav
G:\Datasets\Segmentation\NOISES\noise_speech_00591.wav
G:\Datasets\Segmentation\NOISES\noise_speech_00592.wav
G:\Datasets\Segmentation\NOISES\noise_speech_00593.wav
G:\Datasets\Segmentation\NOISES\noise_speech_00594.wav
G:\Datasets\Segmentation\NOISES\noise_speech_00595.wav
G:\Datasets\Segmentation\NOISES\noise_speech_00596.wav
G:\Datasets\Segmentation\NOISES\noise_speech_00597.wav
G:\Datasets\Segmentation\NOISES\noise_speech_00598.wav
G:\Datasets\Segmentation\NOISES\noise_speech_00599.wav
G:\Datasets\Segmentation\NOISES\noise_speech_00600.wav
G:\Datasets\Segmentation\NOISES\noise_speech_00601.wav
G:\Datasets\Segmentation\NOISES\noise_speech_00602.wav
G:\Datasets\Segmentation\NOISES\noise_speech_00603.wav
G:\Datasets\Segmentation\NOISES\noise_speech_00604.wav
G:\Datasets\Segmentation\NOISES\noise_speech_00605.wav
G:\Datasets\Segmentation\NOISES\noise_speech_00606.wav
G:\Datasets\Segmentation\NOISES\noise_speech_00607.wav
G:\Datasets\Segmentation\NOISES\noise_speech_00608.wav
G:\Datasets\Segmentation\NOISES\noise_speech_00609.wav
G:\Datasets\Segmentation\NOISES\noise_speech_00610.wav
G:\Datasets\Segmentation\NOISES\noise_speech_00611.wav
G:\Datasets\Segmentation\NOISES\noise_speech_00612.wav
G:\Datasets\Segmentation\NOISES\noise_speech_00613.wav
G:\Datasets\Segmentation\NOISES\noise_speech_00614.wav
G:\Datasets\Segmentation\NOISES\noise_speech_00615.wav
G:\Datasets\Segmentation\NOISES\noise_speech_00616.wav
G:\Datasets\Segmentation\NOISES\noise_speech_00617.wav
G:\Datasets\Segmentation\NOISES\noise_speech_00618.wav
G:\Datasets\Segmentation\NOISES\noise_speech_00619.wav
G:\Datasets\Segmentation\NOISES\noise_speech_00620.wav
G:\Datasets\Segmentation\NOISES\noise_speech_00621.wav
G:\Datasets\Segmentation\NOISES\noise_speech_00622.wav
G:\Datasets\Segmentation\NOISES\noise_speech_00623.wav
G:\Datasets\Segmentation\NOISES\noise_speech_00624.wav
G:\Datasets\Segmentation\NOISES\noise_speech_00625.wav
G:\Datasets\Segmentation\NOISES\noise_speech_00626.wav
G:\Datasets\Segmentation\NOISES\noise_speech_00627.wav
G:\Datasets\Segmentation\NOISES\noise_speech_00628.wav
G:\Datasets\Segmentation\NOISES\noise_speech_00629.wav
G:\Datasets\Segmentation\NOISES\noise_speech_00630.wav
G:\Datasets\Segmentation\NOISES\noise_speech_00631.wav
G:\Datasets\Segmentation\NOISES\noise_speech_00632.wav
G:\Datasets\Segmentation\NOISES\noise_speech_00633.wav
G:\Datasets\Segmentation\NOISES\noise_speech_00634.wav
G:\Datasets\Segmentation\NOISES\noise_speech_00635.wav
G:\Datasets\Segmentation\NOISES\noise_speech_00636.wav
G:\Datasets\Segmentation\NOISES\noise_speech_00637.wav
G:\Datasets\Segmentation\NOISES\noise_speech_00638.wav
G:\Datasets\Segmentation\NOISES\noise_speech_00639.wav
G:\Datasets\Segmentation\NOISES\noise_speech_00640.wav
G:\Datasets\Segmentation\NOISES\noise_speech_00641.wav
G:\Datasets\Segmentation\NOISES\noise_speech_00642.wav
G:\Datasets\Segmentation\NOISES\noise_speech_00643.wav
G:\Datasets\Segmentation\NOISES\noise_speech_00644.wav
G:\Datasets\Segmentation\NOISES\noise_speech_00645.wav
G:\Datasets\Segmentation\NOISES\noise_speech_00646.wav
G:\Datasets\Segmentation\NOISES\noise_speech_00647.wav
G:\Datasets\Segmentation\NOISES\noise_speech_00648.wav
G:\Datasets\Segmentation\NOISES\noise_speech_00649.wav
G:\Datasets\Segmentation\NOISES\noise_speech_00650.wav
G:\Datasets\Segmentation\NOISES\noise_speech_00651.wav
G:\Datasets\Segmentation\NOISES\noise_speech_00652.wav
G:\Datasets\Segmentation\NOISES\noise_speech_00653.wav
G:\Datasets\Segmentation\NOISES\noise_speech_00654.wav
G:\Datasets\Segmentation\NOISES\noise_speech_00655.wav
G:\Datasets\Segmentation\NOISES\noise_speech_00656.wav
G:\Datasets\Segmentation\NOISES\noise_speech_00657.wav
G:\Datasets\Segmentation\NOISES\noise_speech_00658.wav
G:\Datasets\Segmentation\NOISES\noise_speech_00659.wav
G:\Datasets\Segmentation\NOISES\noise_speech_00660.wav
G:\Datasets\Segmentation\NOISES\noise_speech_00661.wav
G:\Datasets\Segmentation\NOISES\noise_speech_00662.wav
G:\Datasets\Segmentation\NOISES\noise_speech_00663.wav
G:\Datasets\Segmentation\NOISES\noise_speech_00664.wav
G:\Datasets\Segmentation\NOISES\noise_speech_00665.wav
G:\Datasets\Segmentation\NOISES\noise_speech_00666.wav
G:\Datasets\Segmentation\NOISES\noise_speech_00667.wav
G:\Datasets\Segmentation\NOISES\noise_speech_00668.wav
G:\Datasets\Segmentation\NOISES\noise_speech_00669.wav
G:\Datasets\Segmentation\NOISES\noise_speech_00670.wav
G:\Datasets\Segmentation\NOISES\noise_speech_00671.wav
G:\Datasets\Segmentation\NOISES\noise_speech_00672.wav
G:\Datasets\Segmentation\NOISES\noise_speech_00673.wav
G:\Datasets\Segmentation\NOISES\noise_speech_00674.wav
G:\Datasets\Segmentation\NOISES\noise_speech_00675.wav
G:\Datasets\Segmentation\NOISES\noise_speech_00676.wav
G:\Datasets\Segmentation\NOISES\noise_speech_00677.wav
G:\Datasets\Segmentation\NOISES\noise_speech_00678.wav
G:\Datasets\Segmentation\NOISES\noise_speech_00679.wav
G:\Datasets\Segmentation\NOISES\noise_speech_00680.wav
G:\Datasets\Segmentation\NOISES\noise_speech_00681.wav
G:\Datasets\Segmentation\NOISES\noise_speech_00682.wav
G:\Datasets\Segmentation\NOISES\noise_speech_00683.wav
G:\Datasets\Segmentation\NOISES\noise_speech_00684.wav
G:\Datasets\Segmentation\NOISES\noise_speech_00685.wav
G:\Datasets\Segmentation\NOISES\noise_speech_00686.wav
G:\Datasets\Segmentation\NOISES\noise_speech_00687.wav
G:\Datasets\Segmentation\NOISES\noise_speech_00688.wav
G:\Datasets\Segmentation\NOISES\noise_speech_00689.wav
G:\Datasets\Segmentation\NOISES\noise_speech_00690.wav
G:\Datasets\Segmentation\NOISES\noise_speech_00691.wav
G:\Datasets\Segmentation\NOISES\noise_speech_00692.wav
G:\Datasets\Segmentation\NOISES\noise_speech_00693.wav
G:\Datasets\Segmentation\NOISES\noise_speech_00694.wav
G:\Datasets\Segmentation\NOISES\noise_speech_00695.wav
G:\Datasets\Segmentation\NOISES\noise_speech_00696.wav
G:\Datasets\Segmentation\NOISES\noise_speech_00697.wav
G:\Datasets\Segmentation\NOISES\noise_speech_00698.wav
G:\Datasets\Segmentation\NOISES\noise_speech_00699.wav
G:\Datasets\Segmentation\NOISES\noise_speech_00700.wav
G:\Datasets\Segmentation\NOISES\noise_speech_00701.wav
G:\Datasets\Segmentation\NOISES\noise_speech_00702.wav
G:\Datasets\Segmentation\NOISES\noise_speech_00703.wav
G:\Datasets\Segmentation\NOISES\noise_speech_00704.wav
G:\Datasets\Segmentation\NOISES\noise_speech_00705.wav
G:\Datasets\Segmentation\NOISES\noise_speech_00706.wav
G:\Datasets\Segmentation\NOISES\noise_speech_00707.wav
G:\Datasets\Segmentation\NOISES\noise_speech_00708.wav
G:\Datasets\Segmentation\NOISES\noise_speech_00709.wav
G:\Datasets\Segmentation\NOISES\noise_speech_00710.wav
G:\Datasets\Segmentation\NOISES\noise_speech_00711.wav
G:\Datasets\Segmentation\NOISES\noise_speech_00712.wav
G:\Datasets\Segmentation\NOISES\noise_speech_00713.wav
G:\Datasets\Segmentation\NOISES\noise_speech_00714.wav
G:\Datasets\Segmentation\NOISES\noise_speech_00715.wav
G:\Datasets\Segmentation\NOISES\noise_speech_00716.wav
G:\Datasets\Segmentation\NOISES\noise_speech_00717.wav
G:\Datasets\Segmentation\NOISES\noise_speech_00718.wav
G:\Datasets\Segmentation\NOISES\noise_speech_00719.wav
G:\Datasets\Segmentation\NOISES\noise_speech_00720.wav
G:\Datasets\Segmentation\NOISES\noise_speech_00721.wav
G:\Datasets\Segmentation\NOISES\noise_speech_00722.wav
G:\Datasets\Segmentation\NOISES\noise_speech_00723.wav
G:\Datasets\Segmentation\NOISES\noise_speech_00724.wav
G:\Datasets\Segmentation\NOISES\noise_speech_00725.wav
G:\Datasets\Segmentation\NOISES\noise_speech_00726.wav
G:\Datasets\Segmentation\NOISES\noise_speech_00727.wav
G:\Datasets\Segmentation\NOISES\noise_speech_00728.wav
G:\Datasets\Segmentation\NOISES\noise_speech_00729.wav
G:\Datasets\Segmentation\NOISES\noise_speech_00730.wav
G:\Datasets\Segmentation\NOISES\noise_speech_00731.wav
G:\Datasets\Segmentation\NOISES\noise_speech_00732.wav
G:\Datasets\Segmentation\NOISES\noise_speech_00733.wav
G:\Datasets\Segmentation\NOISES\noise_speech_00734.wav
G:\Datasets\Segmentation\NOISES\noise_speech_00735.wav
G:\Datasets\Segmentation\NOISES\noise_speech_00736.wav
G:\Datasets\Segmentation\NOISES\noise_speech_00737.wav
G:\Datasets\Segmentation\NOISES\noise_speech_00738.wav
G:\Datasets\Segmentation\NOISES\noise_speech_00739.wav
G:\Datasets\Segmentation\NOISES\noise_speech_00740.wav
G:\Datasets\Segmentation\NOISES\noise_speech_00741.wav
G:\Datasets\Segmentation\NOISES\noise_speech_00742.wav
G:\Datasets\Segmentation\NOISES\noise_speech_00743.wav
G:\Datasets\Segmentation\NOISES\noise_speech_00744.wav
G:\Datasets\Segmentation\NOISES\noise_speech_00745.wav
G:\Datasets\Segmentation\NOISES\noise_speech_00746.wav
G:\Datasets\Segmentation\NOISES\noise_speech_00747.wav
G:\Datasets\Segmentation\NOISES\noise_speech_00748.wav
G:\Datasets\Segmentation\NOISES\noise_speech_00749.wav
G:\Datasets\Segmentation\NOISES\noise_speech_00750.wav
G:\Datasets\Segmentation\NOISES\noise_speech_00751.wav
G:\Datasets\Segmentation\NOISES\noise_speech_00752.wav
G:\Datasets\Segmentation\NOISES\noise_speech_00753.wav
G:\Datasets\Segmentation\NOISES\noise_speech_00754.wav
G:\Datasets\Segmentation\NOISES\noise_speech_00755.wav
G:\Datasets\Segmentation\NOISES\noise_speech_00756.wav
G:\Datasets\Segmentation\NOISES\noise_speech_00757.wav
G:\Datasets\Segmentation\NOISES\noise_speech_00758.wav
G:\Datasets\Segmentation\NOISES\noise_speech_00759.wav
G:\Datasets\Segmentation\NOISES\noise_speech_00760.wav
G:\Datasets\Segmentation\NOISES\noise_speech_00761.wav
G:\Datasets\Segmentation\NOISES\noise_speech_00762.wav
G:\Datasets\Segmentation\NOISES\noise_speech_00763.wav
G:\Datasets\Segmentation\NOISES\noise_speech_00764.wav
G:\Datasets\Segmentation\NOISES\noise_speech_00765.wav
G:\Datasets\Segmentation\NOISES\noise_speech_00766.wav
G:\Datasets\Segmentation\NOISES\noise_speech_00767.wav
G:\Datasets\Segmentation\NOISES\noise_speech_00768.wav
G:\Datasets\Segmentation\NOISES\noise_speech_00769.wav
G:\Datasets\Segmentation\NOISES\noise_speech_00770.wav
G:\Datasets\Segmentation\NOISES\noise_speech_00771.wav
G:\Datasets\Segmentation\NOISES\noise_speech_00772.wav
G:\Datasets\Segmentation\NOISES\noise_speech_00773.wav
G:\Datasets\Segmentation\NOISES\noise_speech_00774.wav
G:\Datasets\Segmentation\NOISES\noise_speech_00775.wav
G:\Datasets\Segmentation\NOISES\noise_speech_00776.wav
G:\Datasets\Segmentation\NOISES\noise_speech_00777.wav
G:\Datasets\Segmentation\NOISES\noise_speech_00778.wav
G:\Datasets\Segmentation\NOISES\noise_speech_00779.wav
G:\Datasets\Segmentation\NOISES\noise_speech_00780.wav
G:\Datasets\Segmentation\NOISES\noise_speech_00781.wav
G:\Datasets\Segmentation\NOISES\noise_speech_00782.wav
G:\Datasets\Segmentation\NOISES\noise_speech_00783.wav
G:\Datasets\Segmentation\NOISES\noise_speech_00784.wav
G:\Datasets\Segmentation\NOISES\noise_speech_00785.wav
G:\Datasets\Segmentation\NOISES\noise_speech_00786.wav
G:\Datasets\Segmentation\NOISES\noise_speech_00787.wav
G:\Datasets\Segmentation\NOISES\noise_speech_00788.wav
G:\Datasets\Segmentation\NOISES\noise_speech_00789.wav
G:\Datasets\Segmentation\NOISES\noise_speech_00790.wav
G:\Datasets\Segmentation\NOISES\noise_speech_00791.wav
G:\Datasets\Segmentation\NOISES\noise_speech_00792.wav
G:\Datasets\Segmentation\NOISES\noise_speech_00793.wav
G:\Datasets\Segmentation\NOISES\noise_speech_00794.wav
G:\Datasets\Segmentation\NOISES\noise_speech_00795.wav
G:\Datasets\Segmentation\NOISES\noise_speech_00796.wav
G:\Datasets\Segmentation\NOISES\noise_speech_00797.wav
G:\Datasets\Segmentation\NOISES\noise_speech_00798.wav
G:\Datasets\Segmentation\NOISES\noise_speech_00799.wav
G:\Datasets\Segmentation\NOISES\noise_speech_00800.wav
G:\Datasets\Segmentation\NOISES\noise_speech_00801.wav
G:\Datasets\Segmentation\NOISES\noise_speech_00802.wav
G:\Datasets\Segmentation\NOISES\noise_speech_00803.wav
G:\Datasets\Segmentation\NOISES\noise_speech_00804.wav
G:\Datasets\Segmentation\NOISES\noise_speech_00805.wav
G:\Datasets\Segmentation\NOISES\noise_speech_00806.wav
G:\Datasets\Segmentation\NOISES\noise_speech_00807.wav
G:\Datasets\Segmentation\NOISES\noise_speech_00808.wav
G:\Datasets\Segmentation\NOISES\noise_speech_00809.wav
G:\Datasets\Segmentation\NOISES\noise_speech_00810.wav
G:\Datasets\Segmentation\NOISES\noise_speech_00811.wav
G:\Datasets\Segmentation\NOISES\noise_speech_00812.wav
G:\Datasets\Segmentation\NOISES\noise_speech_00813.wav
G:\Datasets\Segmentation\NOISES\noise_speech_00814.wav
G:\Datasets\Segmentation\NOISES\noise_speech_00815.wav
G:\Datasets\Segmentation\NOISES\noise_speech_00816.wav
G:\Datasets\Segmentation\NOISES\noise_speech_00817.wav
G:\Datasets\Segmentation\NOISES\noise_speech_00818.wav
G:\Datasets\Segmentation\NOISES\noise_speech_00819.wav
G:\Datasets\Segmentation\NOISES\noise_speech_00820.wav
G:\Datasets\Segmentation\NOISES\noise_speech_00821.wav
G:\Datasets\Segmentation\NOISES\noise_speech_00822.wav
G:\Datasets\Segmentation\NOISES\noise_speech_00823.wav
G:\Datasets\Segmentation\NOISES\noise_speech_00824.wav
G:\Datasets\Segmentation\NOISES\noise_speech_00825.wav
G:\Datasets\Segmentation\NOISES\noise_speech_00826.wav
G:\Datasets\Segmentation\NOISES\noise_speech_00827.wav
G:\Datasets\Segmentation\NOISES\noise_speech_00828.wav
G:\Datasets\Segmentation\NOISES\noise_speech_00829.wav
G:\Datasets\Segmentation\NOISES\noise_speech_00830.wav
G:\Datasets\Segmentation\NOISES\noise_speech_00831.wav
G:\Datasets\Segmentation\NOISES\noise_speech_00832.wav
G:\Datasets\Segmentation\NOISES\noise_speech_00833.wav
G:\Datasets\Segmentation\NOISES\noise_speech_00834.wav
G:\Datasets\Segmentation\NOISES\noise_speech_00835.wav
G:\Datasets\Segmentation\NOISES\noise_speech_00836.wav
G:\Datasets\Segmentation\NOISES\noise_speech_00837.wav
G:\Datasets\Segmentation\NOISES\noise_speech_00838.wav
G:\Datasets\Segmentation\NOISES\noise_speech_00839.wav
G:\Datasets\Segmentation\NOISES\noise_speech_00840.wav
G:\Datasets\Segmentation\NOISES\noise_speech_00841.wav
G:\Datasets\Segmentation\NOISES\noise_speech_00842.wav
G:\Datasets\Segmentation\NOISES\noise_speech_00843.wav
G:\Datasets\Segmentation\NOISES\noise_speech_00844.wav
G:\Datasets\Segmentation\NOISES\noise_speech_00845.wav
G:\Datasets\Segmentation\NOISES\noise_speech_00846.wav
G:\Datasets\Segmentation\NOISES\noise_speech_00847.wav
G:\Datasets\Segmentation\NOISES\noise_speech_00848.wav
G:\Datasets\Segmentation\NOISES\noise_speech_00849.wav
G:\Datasets\Segmentation\NOISES\noise_speech_00850.wav
G:\Datasets\Segmentation\NOISES\noise_speech_00851.wav
G:\Datasets\Segmentation\NOISES\noise_speech_00852.wav
G:\Datasets\Segmentation\NOISES\noise_speech_00853.wav
G:\Datasets\Segmentation\NOISES\noise_speech_00854.wav
G:\Datasets\Segmentation\NOISES\noise_speech_00855.wav
G:\Datasets\Segmentation\NOISES\noise_speech_00856.wav
G:\Datasets\Segmentation\NOISES\noise_speech_00857.wav
G:\Datasets\Segmentation\NOISES\noise_speech_00858.wav
G:\Datasets\Segmentation\NOISES\noise_speech_00859.wav
G:\Datasets\Segmentation\NOISES\noise_speech_00860.wav
G:\Datasets\Segmentation\NOISES\noise_speech_00861.wav
G:\Datasets\Segmentation\NOISES\noise_speech_00862.wav
G:\Datasets\Segmentation\NOISES\noise_speech_00863.wav
G:\Datasets\Segmentation\NOISES\noise_speech_00864.wav
G:\Datasets\Segmentation\NOISES\noise_speech_00865.wav
G:\Datasets\Segmentation\NOISES\noise_speech_00866.wav
G:\Datasets\Segmentation\NOISES\noise_speech_00867.wav
G:\Datasets\Segmentation\NOISES\noise_speech_00868.wav
G:\Datasets\Segmentation\NOISES\noise_speech_00869.wav
G:\Datasets\Segmentation\NOISES\noise_speech_00870.wav
G:\Datasets\Segmentation\NOISES\noise_speech_00871.wav
G:\Datasets\Segmentation\NOISES\noise_speech_00872.wav
G:\Datasets\Segmentation\NOISES\noise_speech_00873.wav
G:\Datasets\Segmentation\NOISES\noise_speech_00874.wav
G:\Datasets\Segmentation\NOISES\noise_speech_00875.wav
G:\Datasets\Segmentation\NOISES\noise_speech_00876.wav
G:\Datasets\Segmentation\NOISES\noise_speech_00877.wav
G:\Datasets\Segmentation\NOISES\noise_speech_00878.wav
G:\Datasets\Segmentation\NOISES\noise_speech_00879.wav
G:\Datasets\Segmentation\NOISES\noise_speech_00880.wav
G:\Datasets\Segmentation\NOISES\noise_speech_00881.wav
G:\Datasets\Segmentation\NOISES\noise_speech_00882.wav
G:\Datasets\Segmentation\NOISES\noise_speech_00883.wav
G:\Datasets\Segmentation\NOISES\noise_speech_00884.wav
G:\Datasets\Segmentation\NOISES\noise_speech_00885.wav
G:\Datasets\Segmentation\NOISES\noise_speech_00886.wav
G:\Datasets\Segmentation\NOISES\noise_speech_00887.wav
G:\Datasets\Segmentation\NOISES\noise_speech_00888.wav
G:\Datasets\Segmentation\NOISES\noise_speech_00889.wav
G:\Datasets\Segmentation\NOISES\noise_speech_00890.wav
G:\Datasets\Segmentation\NOISES\noise_speech_00891.wav
G:\Datasets\Segmentation\NOISES\noise_speech_00892.wav
G:\Datasets\Segmentation\NOISES\noise_speech_00893.wav
G:\Datasets\Segmentation\NOISES\noise_speech_00894.wav
G:\Datasets\Segmentation\NOISES\noise_speech_00895.wav
G:\Datasets\Segmentation\NOISES\noise_speech_00896.wav
G:\Datasets\Segmentation\NOISES\noise_speech_00897.wav
G:\Datasets\Segmentation\NOISES\noise_speech_00898.wav
G:\Datasets\Segmentation\NOISES\noise_speech_00899.wav
G:\Datasets\Segmentation\NOISES\noise_speech_00900.wav
G:\Datasets\Segmentation\NOISES\noise_speech_00901.wav
G:\Datasets\Segmentation\NOISES\noise_speech_00902.wav
G:\Datasets\Segmentation\NOISES\noise_speech_00903.wav
G:\Datasets\Segmentation\NOISES\noise_speech_00904.wav
G:\Datasets\Segmentation\NOISES\noise_speech_00905.wav
G:\Datasets\Segmentation\NOISES\noise_speech_00906.wav
G:\Datasets\Segmentation\NOISES\noise_speech_00907.wav
G:\Datasets\Segmentation\NOISES\noise_speech_00908.wav
G:\Datasets\Segmentation\NOISES\noise_speech_00909.wav
G:\Datasets\Segmentation\NOISES\noise_speech_00910.wav
G:\Datasets\Segmentation\NOISES\noise_speech_00911.wav
G:\Datasets\Segmentation\NOISES\noise_speech_00912.wav
G:\Datasets\Segmentation\NOISES\noise_speech_00913.wav
G:\Datasets\Segmentation\NOISES\noise_speech_00914.wav
G:\Datasets\Segmentation\NOISES\noise_speech_00915.wav
G:\Datasets\Segmentation\NOISES\noise_speech_00916.wav
G:\Datasets\Segmentation\NOISES\noise_speech_00917.wav
G:\Datasets\Segmentation\NOISES\noise_speech_00918.wav
G:\Datasets\Segmentation\NOISES\noise_speech_00919.wav
G:\Datasets\Segmentation\NOISES\noise_speech_00920.wav
G:\Datasets\Segmentation\NOISES\noise_speech_00921.wav
G:\Datasets\Segmentation\NOISES\noise_speech_00922.wav
G:\Datasets\Segmentation\NOISES\noise_speech_00923.wav
G:\Datasets\Segmentation\NOISES\noise_speech_00924.wav
G:\Datasets\Segmentation\NOISES\noise_speech_00925.wav
G:\Datasets\Segmentation\NOISES\noise_speech_00926.wav
G:\Datasets\Segmentation\NOISES\noise_speech_00927.wav
G:\Datasets\Segmentation\NOISES\noise_speech_00928.wav
G:\Datasets\Segmentation\NOISES\noise_speech_00929.wav
G:\Datasets\Segmentation\NOISES\noise_speech_00930.wav
G:\Datasets\Segmentation\NOISES\noise_speech_00931.wav
G:\Datasets\Segmentation\NOISES\noise_speech_00932.wav
G:\Datasets\Segmentation\NOISES\noise_speech_00933.wav
G:\Datasets\Segmentation\NOISES\noise_speech_00934.wav
G:\Datasets\Segmentation\NOISES\noise_speech_00935.wav
G:\Datasets\Segmentation\NOISES\noise_speech_00936.wav
G:\Datasets\Segmentation\NOISES\noise_speech_00937.wav
G:\Datasets\Segmentation\NOISES\noise_speech_00938.wav
G:\Datasets\Segmentation\NOISES\noise_speech_00939.wav
G:\Datasets\Segmentation\NOISES\noise_speech_00940.wav
G:\Datasets\Segmentation\NOISES\noise_speech_00941.wav
G:\Datasets\Segmentation\NOISES\noise_speech_00942.wav
G:\Datasets\Segmentation\NOISES\noise_speech_00943.wav
G:\Datasets\Segmentation\NOISES\noise_speech_00944.wav
G:\Datasets\Segmentation\NOISES\noise_speech_00945.wav
G:\Datasets\Segmentation\NOISES\noise_speech_00946.wav
G:\Datasets\Segmentation\NOISES\noise_speech_00947.wav
G:\Datasets\Segmentation\NOISES\noise_speech_00948.wav
G:\Datasets\Segmentation\NOISES\noise_speech_00949.wav
G:\Datasets\Segmentation\NOISES\noise_speech_00950.wav
G:\Datasets\Segmentation\NOISES\noise_speech_00951.wav
G:\Datasets\Segmentation\NOISES\noise_speech_00952.wav
G:\Datasets\Segmentation\NOISES\noise_speech_00953.wav
G:\Datasets\Segmentation\NOISES\noise_speech_00954.wav
G:\Datasets\Segmentation\NOISES\noise_speech_00955.wav
G:\Datasets\Segmentation\NOISES\noise_speech_00956.wav
G:\Datasets\Segmentation\NOISES\noise_speech_00957.wav
G:\Datasets\Segmentation\NOISES\noise_speech_00958.wav
G:\Datasets\Segmentation\NOISES\noise_speech_00959.wav
G:\Datasets\Segmentation\NOISES\noise_speech_00960.wav
G:\Datasets\Segmentation\NOISES\noise_speech_00961.wav
G:\Datasets\Segmentation\NOISES\noise_speech_00962.wav
G:\Datasets\Segmentation\NOISES\noise_speech_00963.wav
G:\Datasets\Segmentation\NOISES\noise_speech_00964.wav
G:\Datasets\Segmentation\NOISES\noise_speech_00965.wav
G:\Datasets\Segmentation\NOISES\noise_speech_00966.wav
G:\Datasets\Segmentation\NOISES\noise_speech_00967.wav
G:\Datasets\Segmentation\NOISES\noise_speech_00968.wav
G:\Datasets\Segmentation\NOISES\noise_speech_00969.wav
G:\Datasets\Segmentation\NOISES\noise_speech_00970.wav
G:\Datasets\Segmentation\NOISES\noise_speech_00971.wav
G:\Datasets\Segmentation\NOISES\noise_speech_00972.wav
G:\Datasets\Segmentation\NOISES\noise_speech_00973.wav
G:\Datasets\Segmentation\NOISES\noise_speech_00974.wav
G:\Datasets\Segmentation\NOISES\noise_speech_00975.wav
G:\Datasets\Segmentation\NOISES\noise_speech_00976.wav
G:\Datasets\Segmentation\NOISES\noise_speech_00977.wav
G:\Datasets\Segmentation\NOISES\noise_speech_00978.wav
G:\Datasets\Segmentation\NOISES\noise_speech_00979.wav
G:\Datasets\Segmentation\NOISES\noise_speech_00980.wav
G:\Datasets\Segmentation\NOISES\noise_speech_00981.wav
G:\Datasets\Segmentation\NOISES\noise_speech_00982.wav
G:\Datasets\Segmentation\NOISES\noise_speech_00983.wav
G:\Datasets\Segmentation\NOISES\noise_speech_00984.wav
G:\Datasets\Segmentation\NOISES\noise_speech_00985.wav
G:\Datasets\Segmentation\NOISES\noise_speech_00986.wav
G:\Datasets\Segmentation\NOISES\noise_speech_00987.wav
G:\Datasets\Segmentation\NOISES\noise_speech_00988.wav
G:\Datasets\Segmentation\NOISES\noise_speech_00989.wav
G:\Datasets\Segmentation\NOISES\noise_speech_00990.wav
G:\Datasets\Segmentation\NOISES\noise_speech_00991.wav
G:\Datasets\Segmentation\NOISES\noise_speech_00992.wav
G:\Datasets\Segmentation\NOISES\noise_speech_00993.wav
G:\Datasets\Segmentation\NOISES\noise_speech_00994.wav
G:\Datasets\Segmentation\NOISES\noise_speech_00995.wav
G:\Datasets\Segmentation\NOISES\noise_speech_00996.wav
G:\Datasets\Segmentation\NOISES\noise_speech_00997.wav
G:\Datasets\Segmentation\NOISES\noise_speech_00998.wav
G:\Datasets\Segmentation\NOISES\noise_speech_00999.wav
G:\Datasets\Segmentation\NOISES\noise_speech_01000.wav