/home/lab9-gpu/PRH/NOISES/NOISES/noise_speech_00146.wav
/home/lab9-gpu/PRH/NOISES/NOISES/noise_speech_00002.wav
/home/lab9-gpu/PRH/NOISES/NOISES/noise_speech_00884.wav
/home/lab9-gpu/PRH/NOISES/NOISES/noise_speech_00672.wav
/home/lab9-gpu/PRH/NOISES/NOISES/noise_speech_00420.wav
/home/lab9-gpu/PRH/NOISES/NOISES/noise_speech_00546.wav
/home/lab9-gpu/PRH/NOISES/NOISES/noise_speech_00583.wav
/home/lab9-gpu/PRH/NOISES/NOISES/noise_speech_00616.wav
/home/lab9-gpu/PRH/NOISES/NOISES/noise_speech_00221.wav
/home/lab9-gpu/PRH/NOISES/NOISES/noise_speech_00349.wav
/home/lab9-gpu/PRH/NOISES/NOISES/noise_speech_00933.wav
/home/lab9-gpu/PRH/NOISES/NOISES/noise_speech_00186.wav
/home/lab9-gpu/PRH/NOISES/NOISES/noise_speech_00376.wav
/home/lab9-gpu/PRH/NOISES/NOISES/noise_speech_00833.wav
/home/lab9-gpu/PRH/NOISES/NOISES/noise_speech_00556.wav
/home/lab9-gpu/PRH/NOISES/NOISES/noise_speech_00586.wav
/home/lab9-gpu/PRH/NOISES/NOISES/noise_speech_00728.wav
/home/lab9-gpu/PRH/NOISES/NOISES/noise_speech_00918.wav
/home/lab9-gpu/PRH/NOISES/NOISES/noise_speech_00658.wav
/home/lab9-gpu/PRH/NOISES/NOISES/noise_speech_00954.wav
/home/lab9-gpu/PRH/NOISES/NOISES/noise_speech_00686.wav
/home/lab9-gpu/PRH/NOISES/NOISES/noise_speech_00694.wav
/home/lab9-gpu/PRH/NOISES/NOISES/noise_speech_00697.wav
/home/lab9-gpu/PRH/NOISES/NOISES/noise_speech_00495.wav
/home/lab9-gpu/PRH/NOISES/NOISES/noise_speech_00338.wav
/home/lab9-gpu/PRH/NOISES/NOISES/noise_speech_00867.wav
/home/lab9-gpu/PRH/NOISES/NOISES/noise_speech_00976.wav
/home/lab9-gpu/PRH/NOISES/NOISES/noise_speech_00781.wav
/home/lab9-gpu/PRH/NOISES/NOISES/noise_speech_00085.wav
/home/lab9-gpu/PRH/NOISES/NOISES/noise_speech_00129.wav
/home/lab9-gpu/PRH/NOISES/NOISES/noise_speech_00017.wav
/home/lab9-gpu/PRH/NOISES/NOISES/noise_speech_00943.wav
/home/lab9-gpu/PRH/NOISES/NOISES/noise_speech_00008.wav
/home/lab9-gpu/PRH/NOISES/NOISES/noise_speech_00968.wav
/home/lab9-gpu/PRH/NOISES/NOISES/noise_speech_00948.wav
/home/lab9-gpu/PRH/NOISES/NOISES/noise_speech_00362.wav
/home/lab9-gpu/PRH/NOISES/NOISES/noise_speech_00529.wav
/home/lab9-gpu/PRH/NOISES/NOISES/noise_speech_00071.wav
/home/lab9-gpu/PRH/NOISES/NOISES/noise_speech_00429.wav
/home/lab9-gpu/PRH/NOISES/NOISES/noise_speech_00741.wav
/home/lab9-gpu/PRH/NOISES/NOISES/noise_speech_00957.wav
/home/lab9-gpu/PRH/NOISES/NOISES/noise_speech_00819.wav
/home/lab9-gpu/PRH/NOISES/NOISES/noise_speech_00213.wav
/home/lab9-gpu/PRH/NOISES/NOISES/noise_speech_00418.wav
/home/lab9-gpu/PRH/NOISES/NOISES/noise_speech_00858.wav
/home/lab9-gpu/PRH/NOISES/NOISES/noise_speech_00745.wav
/home/lab9-gpu/PRH/NOISES/NOISES/noise_speech_00236.wav
/home/lab9-gpu/PRH/NOISES/NOISES/noise_speech_00638.wav
/home/lab9-gpu/PRH/NOISES/NOISES/noise_speech_00392.wav
/home/lab9-gpu/PRH/NOISES/NOISES/noise_speech_00643.wav
/home/lab9-gpu/PRH/NOISES/NOISES/noise_speech_00348.wav
/home/lab9-gpu/PRH/NOISES/NOISES/noise_speech_00496.wav
/home/lab9-gpu/PRH/NOISES/NOISES/noise_speech_00830.wav
/home/lab9-gpu/PRH/NOISES/NOISES/noise_speech_00678.wav
/home/lab9-gpu/PRH/NOISES/NOISES/noise_speech_00653.wav
/home/lab9-gpu/PRH/NOISES/NOISES/noise_speech_00425.wav
/home/lab9-gpu/PRH/NOISES/NOISES/noise_speech_00835.wav
/home/lab9-gpu/PRH/NOISES/NOISES/noise_speech_00510.wav
/home/lab9-gpu/PRH/NOISES/NOISES/noise_speech_00396.wav
/home/lab9-gpu/PRH/NOISES/NOISES/noise_speech_00967.wav
/home/lab9-gpu/PRH/NOISES/NOISES/noise_speech_00634.wav
/home/lab9-gpu/PRH/NOISES/NOISES/noise_speech_00921.wav
/home/lab9-gpu/PRH/NOISES/NOISES/noise_speech_00792.wav
/home/lab9-gpu/PRH/NOISES/NOISES/noise_speech_00337.wav
/home/lab9-gpu/PRH/NOISES/NOISES/noise_speech_00239.wav
/home/lab9-gpu/PRH/NOISES/NOISES/noise_speech_00242.wav
/home/lab9-gpu/PRH/NOISES/NOISES/noise_speech_00265.wav
/home/lab9-gpu/PRH/NOISES/NOISES/noise_speech_00526.wav
/home/lab9-gpu/PRH/NOISES/NOISES/noise_speech_00580.wav
/home/lab9-gpu/PRH/NOISES/NOISES/noise_speech_00256.wav
/home/lab9-gpu/PRH/NOISES/NOISES/noise_speech_00561.wav
/home/lab9-gpu/PRH/NOISES/NOISES/noise_speech_00263.wav
/home/lab9-gpu/PRH/NOISES/NOISES/noise_speech_00284.wav
/home/lab9-gpu/PRH/NOISES/NOISES/noise_speech_00304.wav
/home/lab9-gpu/PRH/NOISES/NOISES/noise_speech_00344.wav
/home/lab9-gpu/PRH/NOISES/NOISES/noise_speech_00140.wav
/home/lab9-gpu/PRH/NOISES/NOISES/noise_speech_00960.wav
/home/lab9-gpu/PRH/NOISES/NOISES/noise_speech_00971.wav
/home/lab9-gpu/PRH/NOISES/NOISES/noise_speech_00149.wav
/home/lab9-gpu/PRH/NOISES/NOISES/noise_speech_00514.wav
/home/lab9-gpu/PRH/NOISES/NOISES/noise_speech_00517.wav
/home/lab9-gpu/PRH/NOISES/NOISES/noise_speech_00209.wav
/home/lab9-gpu/PRH/NOISES/NOISES/noise_speech_00826.wav
/home/lab9-gpu/PRH/NOISES/NOISES/noise_speech_00078.wav
/home/lab9-gpu/PRH/NOISES/NOISES/noise_speech_00877.wav
/home/lab9-gpu/PRH/NOISES/NOISES/noise_speech_00712.wav
/home/lab9-gpu/PRH/NOISES/NOISES/noise_speech_00871.wav
/home/lab9-gpu/PRH/NOISES/NOISES/noise_speech_00938.wav
/home/lab9-gpu/PRH/NOISES/NOISES/noise_speech_00776.wav
/home/lab9-gpu/PRH/NOISES/NOISES/noise_speech_00398.wav
/home/lab9-gpu/PRH/NOISES/NOISES/noise_speech_00512.wav
/home/lab9-gpu/PRH/NOISES/NOISES/noise_speech_00909.wav
/home/lab9-gpu/PRH/NOISES/NOISES/noise_speech_00685.wav
/home/lab9-gpu/PRH/NOISES/NOISES/noise_speech_00527.wav
/home/lab9-gpu/PRH/NOISES/NOISES/noise_speech_00901.wav
/home/lab9-gpu/PRH/NOISES/NOISES/noise_speech_00065.wav
/home/lab9-gpu/PRH/NOISES/NOISES/noise_speech_00039.wav
/home/lab9-gpu/PRH/NOISES/NOISES/noise_speech_00687.wav
/home/lab9-gpu/PRH/NOISES/NOISES/noise_speech_00244.wav
/home/lab9-gpu/PRH/NOISES/NOISES/noise_speech_00100.wav