/home/lab9-gpu/PRH/stairway/air_type1_air_binaural_stairway_1_1_0.wav
/home/lab9-gpu/PRH/stairway/air_type1_air_binaural_stairway_1_1_0_ch1.wav
/home/lab9-gpu/PRH/stairway/air_type1_air_binaural_stairway_1_1_0_ch2.wav
/home/lab9-gpu/PRH/stairway/air_type1_air_binaural_stairway_1_1_105.wav
/home/lab9-gpu/PRH/stairway/air_type1_air_binaural_stairway_1_1_105_ch1.wav
/home/lab9-gpu/PRH/stairway/air_type1_air_binaural_stairway_1_1_105_ch2.wav
/home/lab9-gpu/PRH/stairway/air_type1_air_binaural_stairway_1_1_120.wav
/home/lab9-gpu/PRH/stairway/air_type1_air_binaural_stairway_1_1_120_ch1.wav
/home/lab9-gpu/PRH/stairway/air_type1_air_binaural_stairway_1_1_120_ch2.wav
/home/lab9-gpu/PRH/stairway/air_type1_air_binaural_stairway_1_1_135.wav
/home/lab9-gpu/PRH/stairway/air_type1_air_binaural_stairway_1_1_135_ch1.wav
/home/lab9-gpu/PRH/stairway/air_type1_air_binaural_stairway_1_1_135_ch2.wav
/home/lab9-gpu/PRH/stairway/air_type1_air_binaural_stairway_1_1_15.wav
/home/lab9-gpu/PRH/stairway/air_type1_air_binaural_stairway_1_1_150.wav
/home/lab9-gpu/PRH/stairway/air_type1_air_binaural_stairway_1_1_150_ch1.wav
/home/lab9-gpu/PRH/stairway/air_type1_air_binaural_stairway_1_1_150_ch2.wav
/home/lab9-gpu/PRH/stairway/air_type1_air_binaural_stairway_1_1_15_ch1.wav
/home/lab9-gpu/PRH/stairway/air_type1_air_binaural_stairway_1_1_15_ch2.wav
/home/lab9-gpu/PRH/stairway/air_type1_air_binaural_stairway_1_1_165.wav
/home/lab9-gpu/PRH/stairway/air_type1_air_binaural_stairway_1_1_165_ch1.wav
/home/lab9-gpu/PRH/stairway/air_type1_air_binaural_stairway_1_1_165_ch2.wav
/home/lab9-gpu/PRH/stairway/air_type1_air_binaural_stairway_1_1_180.wav
/home/lab9-gpu/PRH/stairway/air_type1_air_binaural_stairway_1_1_180_ch1.wav
/home/lab9-gpu/PRH/stairway/air_type1_air_binaural_stairway_1_1_180_ch2.wav
/home/lab9-gpu/PRH/stairway/air_type1_air_binaural_stairway_1_1_30.wav
/home/lab9-gpu/PRH/stairway/air_type1_air_binaural_stairway_1_1_30_ch1.wav
/home/lab9-gpu/PRH/stairway/air_type1_air_binaural_stairway_1_1_30_ch2.wav
/home/lab9-gpu/PRH/stairway/air_type1_air_binaural_stairway_1_1_45.wav
/home/lab9-gpu/PRH/stairway/air_type1_air_binaural_stairway_1_1_45_ch1.wav
/home/lab9-gpu/PRH/stairway/air_type1_air_binaural_stairway_1_1_45_ch2.wav
/home/lab9-gpu/PRH/stairway/air_type1_air_binaural_stairway_1_1_60.wav
/home/lab9-gpu/PRH/stairway/air_type1_air_binaural_stairway_1_1_60_ch1.wav
/home/lab9-gpu/PRH/stairway/air_type1_air_binaural_stairway_1_1_60_ch2.wav
/home/lab9-gpu/PRH/stairway/air_type1_air_binaural_stairway_1_1_75.wav
/home/lab9-gpu/PRH/stairway/air_type1_air_binaural_stairway_1_1_75_ch1.wav
/home/lab9-gpu/PRH/stairway/air_type1_air_binaural_stairway_1_1_75_ch2.wav
/home/lab9-gpu/PRH/stairway/air_type1_air_binaural_stairway_1_1_90.wav
/home/lab9-gpu/PRH/stairway/air_type1_air_binaural_stairway_1_1_90_ch1.wav
/home/lab9-gpu/PRH/stairway/air_type1_air_binaural_stairway_1_1_90_ch2.wav
/home/lab9-gpu/PRH/stairway/air_type1_air_binaural_stairway_1_2_0.wav
/home/lab9-gpu/PRH/stairway/air_type1_air_binaural_stairway_1_2_0_ch1.wav
/home/lab9-gpu/PRH/stairway/air_type1_air_binaural_stairway_1_2_0_ch2.wav
/home/lab9-gpu/PRH/stairway/air_type1_air_binaural_stairway_1_2_105.wav
/home/lab9-gpu/PRH/stairway/air_type1_air_binaural_stairway_1_2_105_ch1.wav
/home/lab9-gpu/PRH/stairway/air_type1_air_binaural_stairway_1_2_105_ch2.wav
/home/lab9-gpu/PRH/stairway/air_type1_air_binaural_stairway_1_2_120.wav
/home/lab9-gpu/PRH/stairway/air_type1_air_binaural_stairway_1_2_120_ch1.wav
/home/lab9-gpu/PRH/stairway/air_type1_air_binaural_stairway_1_2_120_ch2.wav
/home/lab9-gpu/PRH/stairway/air_type1_air_binaural_stairway_1_2_135.wav
/home/lab9-gpu/PRH/stairway/air_type1_air_binaural_stairway_1_2_135_ch1.wav
/home/lab9-gpu/PRH/stairway/air_type1_air_binaural_stairway_1_2_135_ch2.wav
/home/lab9-gpu/PRH/stairway/air_type1_air_binaural_stairway_1_2_15.wav
/home/lab9-gpu/PRH/stairway/air_type1_air_binaural_stairway_1_2_150.wav
/home/lab9-gpu/PRH/stairway/air_type1_air_binaural_stairway_1_2_150_ch1.wav
/home/lab9-gpu/PRH/stairway/air_type1_air_binaural_stairway_1_2_150_ch2.wav
/home/lab9-gpu/PRH/stairway/air_type1_air_binaural_stairway_1_2_15_ch1.wav
/home/lab9-gpu/PRH/stairway/air_type1_air_binaural_stairway_1_2_15_ch2.wav
/home/lab9-gpu/PRH/stairway/air_type1_air_binaural_stairway_1_2_165.wav
/home/lab9-gpu/PRH/stairway/air_type1_air_binaural_stairway_1_2_165_ch1.wav
/home/lab9-gpu/PRH/stairway/air_type1_air_binaural_stairway_1_2_165_ch2.wav
/home/lab9-gpu/PRH/stairway/air_type1_air_binaural_stairway_1_2_180.wav
/home/lab9-gpu/PRH/stairway/air_type1_air_binaural_stairway_1_2_180_ch1.wav
/home/lab9-gpu/PRH/stairway/air_type1_air_binaural_stairway_1_2_180_ch2.wav
/home/lab9-gpu/PRH/stairway/air_type1_air_binaural_stairway_1_2_30.wav
/home/lab9-gpu/PRH/stairway/air_type1_air_binaural_stairway_1_2_30_ch1.wav
/home/lab9-gpu/PRH/stairway/air_type1_air_binaural_stairway_1_2_30_ch2.wav
/home/lab9-gpu/PRH/stairway/air_type1_air_binaural_stairway_1_2_45.wav
/home/lab9-gpu/PRH/stairway/air_type1_air_binaural_stairway_1_2_45_ch1.wav
/home/lab9-gpu/PRH/stairway/air_type1_air_binaural_stairway_1_2_45_ch2.wav
/home/lab9-gpu/PRH/stairway/air_type1_air_binaural_stairway_1_2_60.wav
/home/lab9-gpu/PRH/stairway/air_type1_air_binaural_stairway_1_2_60_ch1.wav
/home/lab9-gpu/PRH/stairway/air_type1_air_binaural_stairway_1_2_60_ch2.wav
/home/lab9-gpu/PRH/stairway/air_type1_air_binaural_stairway_1_2_75.wav
/home/lab9-gpu/PRH/stairway/air_type1_air_binaural_stairway_1_2_75_ch1.wav
/home/lab9-gpu/PRH/stairway/air_type1_air_binaural_stairway_1_2_75_ch2.wav
/home/lab9-gpu/PRH/stairway/air_type1_air_binaural_stairway_1_2_90.wav
/home/lab9-gpu/PRH/stairway/air_type1_air_binaural_stairway_1_2_90_ch1.wav
/home/lab9-gpu/PRH/stairway/air_type1_air_binaural_stairway_1_2_90_ch2.wav
/home/lab9-gpu/PRH/stairway/air_type1_air_binaural_stairway_1_3_0.wav
/home/lab9-gpu/PRH/stairway/air_type1_air_binaural_stairway_1_3_0_ch1.wav
/home/lab9-gpu/PRH/stairway/air_type1_air_binaural_stairway_1_3_0_ch2.wav
/home/lab9-gpu/PRH/stairway/air_type1_air_binaural_stairway_1_3_105.wav
/home/lab9-gpu/PRH/stairway/air_type1_air_binaural_stairway_1_3_105_ch1.wav
/home/lab9-gpu/PRH/stairway/air_type1_air_binaural_stairway_1_3_105_ch2.wav
/home/lab9-gpu/PRH/stairway/air_type1_air_binaural_stairway_1_3_120.wav
/home/lab9-gpu/PRH/stairway/air_type1_air_binaural_stairway_1_3_120_ch1.wav
/home/lab9-gpu/PRH/stairway/air_type1_air_binaural_stairway_1_3_120_ch2.wav
/home/lab9-gpu/PRH/stairway/air_type1_air_binaural_stairway_1_3_135.wav
/home/lab9-gpu/PRH/stairway/air_type1_air_binaural_stairway_1_3_135_ch1.wav
/home/lab9-gpu/PRH/stairway/air_type1_air_binaural_stairway_1_3_135_ch2.wav
/home/lab9-gpu/PRH/stairway/air_type1_air_binaural_stairway_1_3_15.wav
/home/lab9-gpu/PRH/stairway/air_type1_air_binaural_stairway_1_3_150.wav
/home/lab9-gpu/PRH/stairway/air_type1_air_binaural_stairway_1_3_150_ch1.wav
/home/lab9-gpu/PRH/stairway/air_type1_air_binaural_stairway_1_3_150_ch2.wav
/home/lab9-gpu/PRH/stairway/air_type1_air_binaural_stairway_1_3_15_ch1.wav
/home/lab9-gpu/PRH/stairway/air_type1_air_binaural_stairway_1_3_15_ch2.wav
/home/lab9-gpu/PRH/stairway/air_type1_air_binaural_stairway_1_3_165.wav
/home/lab9-gpu/PRH/stairway/air_type1_air_binaural_stairway_1_3_165_ch1.wav
/home/lab9-gpu/PRH/stairway/air_type1_air_binaural_stairway_1_3_165_ch2.wav
/home/lab9-gpu/PRH/stairway/air_type1_air_binaural_stairway_1_3_180.wav
/home/lab9-gpu/PRH/stairway/air_type1_air_binaural_stairway_1_3_180_ch1.wav
/home/lab9-gpu/PRH/stairway/air_type1_air_binaural_stairway_1_3_180_ch2.wav
/home/lab9-gpu/PRH/stairway/air_type1_air_binaural_stairway_1_3_30.wav
/home/lab9-gpu/PRH/stairway/air_type1_air_binaural_stairway_1_3_30_ch1.wav
/home/lab9-gpu/PRH/stairway/air_type1_air_binaural_stairway_1_3_30_ch2.wav
/home/lab9-gpu/PRH/stairway/air_type1_air_binaural_stairway_1_3_45.wav
/home/lab9-gpu/PRH/stairway/air_type1_air_binaural_stairway_1_3_45_ch1.wav
/home/lab9-gpu/PRH/stairway/air_type1_air_binaural_stairway_1_3_45_ch2.wav
/home/lab9-gpu/PRH/stairway/air_type1_air_binaural_stairway_1_3_60.wav
/home/lab9-gpu/PRH/stairway/air_type1_air_binaural_stairway_1_3_60_ch1.wav
/home/lab9-gpu/PRH/stairway/air_type1_air_binaural_stairway_1_3_60_ch2.wav
/home/lab9-gpu/PRH/stairway/air_type1_air_binaural_stairway_1_3_75.wav
/home/lab9-gpu/PRH/stairway/air_type1_air_binaural_stairway_1_3_75_ch1.wav
/home/lab9-gpu/PRH/stairway/air_type1_air_binaural_stairway_1_3_75_ch2.wav
/home/lab9-gpu/PRH/stairway/air_type1_air_binaural_stairway_1_3_90.wav
/home/lab9-gpu/PRH/stairway/air_type1_air_binaural_stairway_1_3_90_ch1.wav
/home/lab9-gpu/PRH/stairway/air_type1_air_binaural_stairway_1_3_90_ch2.wav